2026-06-01 11:41:18 DEBUG [urllib3.connectionpool] Starting new HTTPS connection (1): dummyapi.io:443
2026-06-01 11:41:19 DEBUG [urllib3.connectionpool] https://dummyapi.io:443 "GET /data/v1/comment?page=0&limit=5 HTTP/1.1" 403 26
2026-06-01 11:41:19 DEBUG [urllib3.connectionpool] Starting new HTTPS connection (1): dummyapi.io:443
2026-06-01 11:41:19 DEBUG [urllib3.connectionpool] https://dummyapi.io:443 "GET /data/v1/comment?page=0&limit=5 HTTP/1.1" 403 28
2026-06-01 11:41:19 DEBUG [urllib3.connectionpool] Starting new HTTPS connection (1): dummyapi.io:443
2026-06-01 11:41:19 DEBUG [urllib3.connectionpool] https://dummyapi.io:443 "DELETE /data/v1/comment/123 HTTP/1.1" 400 28
2026-06-01 11:41:19 DEBUG [urllib3.connectionpool] https://dummyapi.io:443 "DELETE /data/v1/comment/not-an-id HTTP/1.1" 400 28
2026-06-01 11:41:20 DEBUG [urllib3.connectionpool] https://dummyapi.io:443 "DELETE /data/v1/comment/!!!!!!!! HTTP/1.1" 400 28
2026-06-01 11:41:31 DEBUG [urllib3.connectionpool] https://dummyapi.io:443 "GET /data/v1/comment?page=-1&limit=10 HTTP/1.1" 200 2257
2026-06-01 11:41:41 DEBUG [urllib3.connectionpool] https://dummyapi.io:443 "GET /data/v1/comment?page=0&limit=0 HTTP/1.1" 200 1208
2026-06-01 11:41:41 DEBUG [urllib3.connectionpool] https://dummyapi.io:443 "GET /data/v1/user?page=0&limit=1 HTTP/1.1" 200 794
2026-06-01 11:41:45 DEBUG [urllib3.connectionpool] https://dummyapi.io:443 "GET /data/v1/post?page=0&limit=1 HTTP/1.1" 200 1548
2026-06-01 11:41:45 DEBUG [urllib3.connectionpool] https://dummyapi.io:443 "POST /data/v1/comment/create HTTP/1.1" 400 26
2026-06-01 11:41:46 DEBUG [urllib3.connectionpool] https://dummyapi.io:443 "GET /data/v1/user?page=0&limit=1 HTTP/1.1" 200 794
2026-06-01 11:41:49 DEBUG [urllib3.connectionpool] https://dummyapi.io:443 "GET /data/v1/post?page=0&limit=1 HTTP/1.1" 200 1548
2026-06-01 11:41:49 DEBUG [urllib3.connectionpool] https://dummyapi.io:443 "POST /data/v1/comment/create HTTP/1.1" 400 26
2026-06-01 11:41:49 DEBUG [urllib3.connectionpool] https://dummyapi.io:443 "DELETE /data/v1/comment/ffffffffffffffffffffffff HTTP/1.1" 404 30
2026-06-01 11:41:50 DEBUG [urllib3.connectionpool] https://dummyapi.io:443 "GET /data/v1/wrong-path HTTP/1.1" 404 26
2026-06-01 11:41:50 DEBUG [urllib3.connectionpool] https://dummyapi.io:443 "POST /data/v1/user/create HTTP/1.1" 200 263
2026-06-01 11:41:50 INFO [services.api_base] POST https://dummyapi.io/data/v1/user/create -> 200
2026-06-01 11:41:50 DEBUG [services.api_base] Response body: {'id': '6a1d6fd4625f30de7fc44aa4', 'firstName': 'Michelle', 'lastName': 'Armstrong', 'email': 'autotest03b74ee1@gmail.com', 'dateOfBirth': '2002-08-18T00:00:00.000Z', 'phone': '794-858-0932', 'registerDate': '2026-06-01T11:41:08.494Z', 'updatedDate': '2026-06-01T11:41:08.494Z'}
2026-06-01 11:41:50 DEBUG [urllib3.connectionpool] https://dummyapi.io:443 "POST /data/v1/post/create HTTP/1.1" 200 313
2026-06-01 11:41:50 INFO [services.api_base] POST https://dummyapi.io/data/v1/post/create -> 200
2026-06-01 11:41:50 DEBUG [services.api_base] Response body: {'id': '6a1d6fd4625f30d829c44aaa', 'image': 'https://placekitten.com/358/774', 'likes': 329, 'link': '', 'tags': ['within'], 'text': 'Western different.', 'publishDate': '2026-06-01T11:41:08.782Z', 'updatedDate': '2026-06-01T11:41:08.782Z', 'owner': {'id': '6a1d6fd4625f30de7fc44aa4', 'firstName': 'Michelle', 'lastName': 'Armstrong'}}
2026-06-01 11:41:50 DEBUG [urllib3.connectionpool] https://dummyapi.io:443 "POST /data/v1/comment/create HTTP/1.1" 200 667
2026-06-01 11:41:50 INFO [services.api_base] POST https://dummyapi.io/data/v1/comment/create -> 200
2026-06-01 11:41:50 DEBUG [services.api_base] Response body: {'id': '6a1d6fd5625f305933c44ab0', 'message': 'Small always manager all each. Statement series under almost institution job.\nRise oil walk art piece so. Perhaps look determine clearly Congress. Current significant central idea.\nClass cause serve we war third within. Nothing half tough responsibility provide win.\nInternational half base which choose beyond.\nShort Mr their because. Purpose image now term seek. Single wide follow according.\nMake wish note property. Find else all hot activity floor.', 'owner': {'id': '6a1d6fd4625f30de7fc44aa4', 'firstName': 'Michelle', 'lastName': 'Armstrong'}, 'post': '6a1d6fd4625f30d829c44aaa', 'publishDate': '2026-06-01T11:41:09.021Z'}
2026-06-01 11:41:51 DEBUG [urllib3.connectionpool] https://dummyapi.io:443 "POST /data/v1/user/create HTTP/1.1" 200 253
2026-06-01 11:41:51 INFO [services.api_base] POST https://dummyapi.io/data/v1/user/create -> 200
2026-06-01 11:41:51 DEBUG [services.api_base] Response body: {'id': '6a1d6fd5625f3042afc44ab3', 'firstName': 'Joy', 'lastName': 'Long', 'email': 'autotesta7ab6fc1@gmail.com', 'dateOfBirth': '1981-04-18T00:00:00.000Z', 'phone': '153-492-5902', 'registerDate': '2026-06-01T11:41:09.239Z', 'updatedDate': '2026-06-01T11:41:09.239Z'}
2026-06-01 11:41:51 DEBUG [urllib3.connectionpool] https://dummyapi.io:443 "POST /data/v1/post/create HTTP/1.1" 200 298
2026-06-01 11:41:51 INFO [services.api_base] POST https://dummyapi.io/data/v1/post/create -> 200
2026-06-01 11:41:51 DEBUG [services.api_base] Response body: {'id': '6a1d6fd5625f3002afc44ab9', 'image': 'https://placekitten.com/78/230', 'likes': 335, 'link': '', 'tags': ['occur'], 'text': 'Trouble ground.', 'publishDate': '2026-06-01T11:41:09.457Z', 'updatedDate': '2026-06-01T11:41:09.457Z', 'owner': {'id': '6a1d6fd5625f3042afc44ab3', 'firstName': 'Joy', 'lastName': 'Long'}}
2026-06-01 11:41:51 DEBUG [urllib3.connectionpool] https://dummyapi.io:443 "POST /data/v1/comment/create HTTP/1.1" 200 701
2026-06-01 11:41:51 INFO [services.api_base] POST https://dummyapi.io/data/v1/comment/create -> 200
2026-06-01 11:41:51 DEBUG [services.api_base] Response body: {'id': '6a1d6fd5625f305199c44abf', 'message': 'Series money fact involve cup.\nParticipant increase half between poor. Over gas source resource task.\nBeautiful church my forget break probably. On ten yet economic. Education rise reach program system phone.\nKitchen hundred production our. Box election long benefit.\nModern action more step. Be after project political fight hard parent. Cold similar sometimes kitchen.\nDaughter near make always network certain. Hear process wonder. Special citizen source investment their admit decision little.', 'owner': {'id': '6a1d6fd5625f3042afc44ab3', 'firstName': 'Joy', 'lastName': 'Long'}, 'post': '6a1d6fd5625f3002afc44ab9', 'publishDate': '2026-06-01T11:41:09.691Z'}
2026-06-01 11:41:51 DEBUG [urllib3.connectionpool] https://dummyapi.io:443 "GET /data/v1/user/6a1d6fd5625f3042afc44ab3/comment?page=0&limit=50 HTTP/1.1" 200 742
2026-06-01 11:41:51 INFO [services.api_base] GET https://dummyapi.io/data/v1/user/6a1d6fd5625f3042afc44ab3/comment?page=0&limit=50 -> 200
2026-06-01 11:41:51 DEBUG [services.api_base] Response body: {'data': [{'id': '6a1d6fd5625f305199c44abf', 'message': 'Series money fact involve cup.\nParticipant increase half between poor. Over gas source resource task.\nBeautiful church my forget break probably. On ten yet economic. Education rise reach program system phone.\nKitchen hundred production our. Box election long benefit.\nModern action more step. Be after project political fight hard parent. Cold similar sometimes kitchen.\nDaughter near make always network certain. Hear process wonder. Special citizen source investment their admit decision little.', 'owner': {'id': '6a1d6fd5625f3042afc44ab3', 'firstName': 'Joy', 'lastName': 'Long'}, 'post': '6a1d6fd5625f3002afc44ab9', 'publishDate': '2026-06-01T11:41:09.691Z'}], 'total': 1, 'page': 0, 'limit': 50}
2026-06-01 11:41:51 DEBUG [urllib3.connectionpool] https://dummyapi.io:443 "POST /data/v1/user/create HTTP/1.1" 200 261
2026-06-01 11:41:51 INFO [services.api_base] POST https://dummyapi.io/data/v1/user/create -> 200
2026-06-01 11:41:51 DEBUG [services.api_base] Response body: {'id': '6a1d6fd6625f306223c44ac8', 'firstName': 'Nathaniel', 'lastName': 'Finley', 'email': 'autotestcbd2aaa7@gmail.com', 'dateOfBirth': '1990-07-20T00:00:00.000Z', 'phone': '451-259-7684', 'registerDate': '2026-06-01T11:41:10.129Z', 'updatedDate': '2026-06-01T11:41:10.129Z'}
2026-06-01 11:41:52 DEBUG [urllib3.connectionpool] https://dummyapi.io:443 "POST /data/v1/post/create HTTP/1.1" 200 307
2026-06-01 11:41:52 INFO [services.api_base] POST https://dummyapi.io/data/v1/post/create -> 200
2026-06-01 11:41:52 DEBUG [services.api_base] Response body: {'id': '6a1d6fd6625f30f76cc44ace', 'image': 'https://placekitten.com/358/995', 'likes': 410, 'link': '', 'tags': ['from'], 'text': 'Maybe vote will.', 'publishDate': '2026-06-01T11:41:10.356Z', 'updatedDate': '2026-06-01T11:41:10.356Z', 'owner': {'id': '6a1d6fd6625f306223c44ac8', 'firstName': 'Nathaniel', 'lastName': 'Finley'}}
2026-06-01 11:41:52 DEBUG [urllib3.connectionpool] https://dummyapi.io:443 "POST /data/v1/comment/create HTTP/1.1" 200 655
2026-06-01 11:41:52 INFO [services.api_base] POST https://dummyapi.io/data/v1/comment/create -> 200
2026-06-01 11:41:52 DEBUG [services.api_base] Response body: {'id': '6a1d6fd6625f302f19c44ad4', 'message': 'These many fine picture minute. Management position before court yard enough rest safe.\nSign set law nice individual prove three. Relate camera among study without value protect forget. Box design simply information manager.\nNot prevent event eight middle peace inside. Stay first above. Culture politics big industry. Simply finally here someone wear sea no.\nSocial available Mr you specific million. Ask without let meeting professional argue.', 'owner': {'id': '6a1d6fd6625f306223c44ac8', 'firstName': 'Nathaniel', 'lastName': 'Finley'}, 'post': '6a1d6fd6625f30f76cc44ace', 'publishDate': '2026-06-01T11:41:10.574Z'}
2026-06-01 11:41:52 DEBUG [urllib3.connectionpool] https://dummyapi.io:443 "GET /data/v1/post/6a1d6fd6625f30f76cc44ace/comment?page=0&limit=50 HTTP/1.1" 200 696
2026-06-01 11:41:52 INFO [services.api_base] GET https://dummyapi.io/data/v1/post/6a1d6fd6625f30f76cc44ace/comment?page=0&limit=50 -> 200
2026-06-01 11:41:52 DEBUG [services.api_base] Response body: {'data': [{'id': '6a1d6fd6625f302f19c44ad4', 'message': 'These many fine picture minute. Management position before court yard enough rest safe.\nSign set law nice individual prove three. Relate camera among study without value protect forget. Box design simply information manager.\nNot prevent event eight middle peace inside. Stay first above. Culture politics big industry. Simply finally here someone wear sea no.\nSocial available Mr you specific million. Ask without let meeting professional argue.', 'owner': {'id': '6a1d6fd6625f306223c44ac8', 'firstName': 'Nathaniel', 'lastName': 'Finley'}, 'post': '6a1d6fd6625f30f76cc44ace', 'publishDate': '2026-06-01T11:41:10.574Z'}], 'total': 1, 'page': 0, 'limit': 50}
2026-06-01 11:42:02 DEBUG [urllib3.connectionpool] https://dummyapi.io:443 "GET /data/v1/comment?page=0&limit=50 HTTP/1.1" 200 12210
2026-06-01 11:42:02 INFO [services.api_base] GET https://dummyapi.io/data/v1/comment?page=0&limit=50 -> 200
2026-06-01 11:42:02 DEBUG [services.api_base] Response body: {'data': [{'id': '6a1d6fd6625f302f19c44ad4', 'message': 'These many fine picture minute. Management position before court yard enough rest safe.\nSign set law nice individual prove three. Relate camera among study without value protect forget. Box design simply information manager.\nNot prevent event eight middle peace inside. Stay first above. Culture politics big industry. Simply finally here someone wear sea no.\nSocial available Mr you specific million. Ask without let meeting professional argue.', 'owner': {'id': '6a1d6fd6625f306223c44ac8', 'firstName': 'Nathaniel', 'lastName': 'Finley'}, 'post': '6a1d6fd6625f30f76cc44ace', 'publishDate': '2026-06-01T11:41:10.574Z'}, {'id': '6a1d6fd5625f305199c44abf', 'message': 'Series money fact involve cup.\nParticipant increase half between poor. Over gas source resource task.\nBeautiful church my forget break probably. On ten yet economic. Education rise reach program system phone.\nKitchen hundred production our. Box election long benefit.\nModern action more step. Be after project political fight hard parent. Cold similar sometimes kitchen.\nDaughter near make always network certain. Hear process wonder. Special citizen source investment their admit decision little.', 'owner': {'id': '6a1d6fd5625f3042afc44ab3', 'firstName': 'Joy', 'lastName': 'Long'}, 'post': '6a1d6fd5625f3002afc44ab9', 'publishDate': '2026-06-01T11:41:09.691Z'}, {'id': '6a1d6fd5625f305933c44ab0', 'message': 'Small always manager all each. Statement series under almost institution job.\nRise oil walk art piece so. Perhaps look determine clearly Congress. Current significant central idea.\nClass cause serve we war third within. Nothing half tough responsibility provide win.\nInternational half base which choose beyond.\nShort Mr their because. Purpose image now term seek. Single wide follow according.\nMake wish note property. Find else all hot activity floor.', 'owner': {'id': '6a1d6fd4625f30de7fc44aa4', 'firstName': 'Michelle', 'lastName': 'Armstrong'}, 'post': '6a1d6fd4625f30d829c44aaa', 'publishDate': '2026-06-01T11:41:09.021Z'}, {'id': '6a1d6fd2cc217a1c9496be19', 'message': 'Усим привит, я зайчик Джуди Хопс', 'owner': {'id': '6a1d6fcbcc217aa3d396be0d', 'firstName': 'Myrtis', 'lastName': 'Kuhic'}, 'post': '6a1d6fcecc217a04be96be13', 'publishDate': '2026-06-01T11:41:06.005Z'}, {'id': '6a1d550f625f30bf17c443de', 'message': 'Усим привит, я зайчик Джуди Хопс', 'owner': {'id': '6a1d52d7625f308db1c443b0', 'firstName': 'AlexTest', 'lastName': 'QATest'}, 'post': '6a1d54ee625f30c01cc443d8', 'publishDate': '2026-06-01T09:46:55.358Z'}, {'id': '6a1c5a779f0dd95eda1b8629', 'message': 'Усим привит, я зайчик Джуди Хопс', 'owner': {'id': '6a1c59989f0dd927c41b8617', 'firstName': 'Alex', 'lastName': 'QA'}, 'post': '6a1c5a0c9f0dd935661b8622', 'publishDate': '2026-05-31T15:57:43.840Z'}, {'id': '6a19711ad906f6dff33f42b9', 'message': 'Comment', 'owner': {'id': '6a196ed7d906f649993f42a3', 'firstName': 'Fil', 'lastName': 'Gri'}, 'post': '6a197028d906f60ac13f42ae', 'publishDate': '2026-05-29T10:57:30.332Z'}, {'id': '6a1859f375cf11666a7c1dac', 'message': "I'm the best QA ever", 'owner': {'id': '6a184ef675cf11a4207c1ae5', 'firstName': 'Alex', 'lastName': 'QA'}, 'post': '6a184fe875cf111c807c1b1e', 'publishDate': '2026-05-28T15:06:27.910Z'}, {'id': '6a18509f75cf11983f7c1b2d', 'message': "I'm the best QA ever", 'owner': {'id': '6a184ef675cf11a4207c1ae5', 'firstName': 'Alex', 'lastName': 'QA'}, 'post': '6a184fe875cf111c807c1b1e', 'publishDate': '2026-05-28T14:26:39.793Z'}, {'id': '6a184e8d75cf1157de7c1adf', 'message': 'It is a comment', 'owner': {'id': '6a184d0a75cf115acf7c1ab7', 'firstName': 'Msthew', 'lastName': 'Polosukhin'}, 'post': '6a184e2b75cf119ed47c1ad6', 'publishDate': '2026-05-28T14:17:49.993Z'}, {'id': '6a171524a5a5431d38c79a7c', 'message': 'comment', 'owner': {'id': '6a1712bea5a5436445c799cd', 'firstName': 'Alex', 'lastName': 'QA'}, 'post': '6a1713b2a5a543560ec799ff', 'publishDate': '2026-05-27T16:00:36.931Z'}, {'id': '6a14083a034499bc6eda3419', 'message': 'comment', 'owner': {'id': '6a1407030344994eddda340d', 'firstName': 'Alex', 'lastName': 'QA'}, 'post': '6a14079c0344992ac1da3413', 'publishDate': '2026-05-25T08:28:42.515Z'}, {'id': '6a130671a8582379380638d7', 'message': 'comment', 'owner': {'id': '6a13053da8582385b40638c6', 'firstName': 'Alex', 'lastName': 'QA'}, 'post': '6a1305dca8582350b70638d1', 'publishDate': '2026-05-24T14:08:49.799Z'}, {'id': '6a1122c5de9d407ce22db854', 'message': 'comment', 'owner': {'id': '6a111fb4de9d40ce4e2db843', 'firstName': 'Alex', 'lastName': 'QA'}, 'post': '6a1120cade9d40cfc82db849', 'publishDate': '2026-05-23T03:45:09.354Z'}, {'id': '6a0f351de831b12594bfe54b', 'message': 'comment_test', 'owner': {'id': '6a0f3430e831b172e0bfe51c', 'firstName': 'Alex', 'lastName': 'QA'}, 'post': '6a0da191c693cd4831f14524', 'publishDate': '2026-05-21T16:38:53.313Z'}, {'id': '6a0f22fde831b1a364bfe16d', 'message': 'comment', 'owner': {'id': '6a0f1cfce831b1b87fbfde7d', 'firstName': 'AlexTT', 'lastName': 'QA_TT'}, 'post': '6a0f203ee831b14944bfe0ae', 'publishDate': '2026-05-21T15:21:33.185Z'}, {'id': '6a0ccdefc031762bae959ebd', 'message': 'comment', 'owner': {'id': '6a0ccd82c0317656e5959e83', 'firstName': 'AlexTest', 'lastName': 'QA_test'}, 'post': '6a0ccd8ec031761de5959e91', 'publishDate': '2026-05-19T20:54:07.042Z'}, {'id': '6a0ccde6c031762e66959eb7', 'message': 'comment', 'owner': {'id': '6a0ccd82c0317656e5959e83', 'firstName': 'AlexTest', 'lastName': 'QA_test'}, 'post': '6a0ccd8ec031761de5959e91', 'publishDate': '2026-05-19T20:53:58.261Z'}, {'id': '6a0c240d7f824b697b9dfb20', 'message': 'comment', 'owner': {'id': '6a0c22ff7f824b227f9dfb13', 'firstName': 'Alex', 'lastName': 'QA'}, 'post': '6a0c237c7f824bc76a9dfb19', 'publishDate': '2026-05-19T08:49:17.704Z'}, {'id': '6a0b1931406f0c9bf1f93be8', 'message': 'nu i hueta', 'owner': {'id': '6a0b1904406f0c79fdf93bc3', 'firstName': 'lox', 'lastName': 'Loshara'}, 'post': '6a0b191a406f0c1d7df93bd1', 'publishDate': '2026-05-18T13:50:41.444Z'}, {'id': '6a0b0b8e406f0c8cb9f938fb', 'message': 'nu i hueta', 'owner': {'id': '6a0b0a80406f0c8046f938ef', 'firstName': 'Ivan', 'lastName': 'Kushnirchuk'}, 'post': '6a0b0b18406f0ce693f938f5', 'publishDate': '2026-05-18T12:52:30.740Z'}, {'id': '6a0ae45d0531af4ec56f3234', 'message': 'норм штука', 'owner': {'id': '6a0ae3b10531af45166f3080', 'firstName': 'Alex', 'lastName': 'Ivanov'}, 'post': '6a05bdc3da906bc23d638d81', 'publishDate': '2026-05-18T10:05:17.665Z'}, {'id': '6a08b3390b38e930a2d4b73e', 'message': 'comment', 'owner': {'id': '6a08b0450b38e9edccd4b55a', 'firstName': 'Alex', 'lastName': 'PM'}, 'post': '6a08b3150b38e92a58d4b735', 'publishDate': '2026-05-16T18:11:05.692Z'}, {'id': '6a08298c40d26254c4ac1b12', 'message': 'comment', 'owner': {'id': '6a08295e40d2626d86ac1af6', 'firstName': 'Rosalia', 'lastName': 'Hilll'}, 'post': '6a08296340d2627ae8ac1afc', 'publishDate': '2026-05-16T08:23:40.436Z'}, {'id': '6a076093124c96ebc8914aa9', 'message': 'comment', 'owner': {'id': '6a076001124c961796914a9d', 'firstName': 'Alex', 'lastName': 'QA'}, 'post': '6a07601f124c96d67a914aa3', 'publishDate': '2026-05-15T18:06:11.178Z'}, {'id': '6a046d963bb6e37a2ef51439', 'message': 'коментстива', 'owner': {'id': '6a046afe3bb6e32ee6f51407', 'firstName': 'стивстив', 'lastName': 'стивенсон'}, 'post': '6a046c143bb6e30d52f5141c', 'publishDate': '2026-05-13T12:24:54.086Z'}, {'id': '6a046d5d3bb6e3e423f51429', 'message': 'коментстива', 'owner': {'id': '6a046afe3bb6e32ee6f51407', 'firstName': 'стивстив', 'lastName': 'стивенсон'}, 'post': '6a0452c33bb6e33304f50d60', 'publishDate': '2026-05-13T12:23:57.887Z'}, {'id': '6a042e113bb6e356b5f4fd06', 'message': 'comment', 'owner': {'id': '6a042c2a3bb6e3f74bf4fcb3', 'firstName': 'Alex', 'lastName': 'QA'}, 'post': '6a042d793bb6e32a97f4fcfa', 'publishDate': '2026-05-13T07:53:53.080Z'}, {'id': '6a0387c15f4eba6a767311cd', 'message': 'comment', 'owner': {'id': '6a0386ba5f4eba4caf730d6c', 'firstName': 'Alex', 'lastName': 'QA'}, 'post': '6a03875d5f4eba32fe7311c7', 'publishDate': '2026-05-12T20:04:17.615Z'}, {'id': '6a01fba670fb9e3256eaf5dc', 'message': 'comment', 'owner': {'id': '6a01faa370fb9e793eeaf5d0', 'firstName': 'Alex', 'lastName': 'QA'}, 'post': '6a01fb3e70fb9ea8b5eaf5d6', 'publishDate': '2026-05-11T15:54:14.455Z'}, {'id': '69fc9fe241a24569cd4f8de2', 'message': 'comment', 'owner': {'id': '69fc9e7b41a24599984f8dd0', 'firstName': 'Alex', 'lastName': 'QA'}, 'post': '69fc9f5441a2456acb4f8ddc', 'publishDate': '2026-05-07T14:21:22.199Z'}, {'id': '69fc81e541a24569e94f84d8', 'message': 'comment', 'owner': {'id': '69fc80ca41a2452d264f84c7', 'firstName': 'Alex', 'lastName': 'QA'}, 'post': '69fc815d41a245aeac4f84cd', 'publishDate': '2026-05-07T12:13:25.415Z'}, {'id': '69fc5ba841a24597594f77fe', 'message': 'comment', 'owner': {'id': '69fc599341a2453e9a4f77dd', 'firstName': 'Alex', 'lastName': 'QA'}, 'post': '69fc5b3041a24552b74f77f8', 'publishDate': '2026-05-07T09:30:16.209Z'}, {'id': '69f75d739fc04f9688d8ddd4', 'message': 'comment to post', 'owner': {'id': '69f75c429fc04f346ed8ddc4', 'firstName': 'TPK', 'lastName': 'PM'}, 'post': '69f75d439fc04f80c6d8ddcc', 'publishDate': '2026-05-03T14:36:35.297Z'}, {'id': '69f7596c9fc04f0e8cd8dd8c', 'message': 'comment to post', 'owner': {'id': '69f758c79fc04f4b33d8dd79', 'firstName': 'TPK', 'lastName': 'PM'}, 'post': '69f7592b9fc04f5f52d8dd86', 'publishDate': '2026-05-03T14:19:24.279Z'}, {'id': '69f7579c9fc04f31ddd8dd76', 'message': 'comment to post', 'owner': {'id': '69f756e69fc04fa5a1d8dd6a', 'firstName': 'TPK', 'lastName': 'PM'}, 'post': '69f757339fc04fa7fcd8dd70', 'publishDate': '2026-05-03T14:11:40.184Z'}, {'id': '69f754259fc04f9280d8db8b', 'message': 'comment to post', 'owner': {'id': '69f753e09fc04ff0abd8db7f', 'firstName': 'TPK', 'lastName': 'PM'}, 'post': '69f753ef9fc04f5b5bd8db85', 'publishDate': '2026-05-03T13:56:53.809Z'}, {'id': '69f752db9fc04f2e7ad8db7c', 'message': 'comment to post', 'owner': {'id': '69f751f39fc04fc946d8db70', 'firstName': 'TPK', 'lastName': 'PM'}, 'post': '69f752679fc04fa4acd8db76', 'publishDate': '2026-05-03T13:51:23.380Z'}, {'id': '69f4f350f88f8f8b8c5d68ef', 'message': 'Massage122', 'owner': {'id': '69f4f23d1d7fa0f91dd41232', 'firstName': 'Al_Xander', 'lastName': 'QA_Deroch'}, 'post': '69f4f2f1f88f8fab1d5d68d5', 'publishDate': '2026-05-01T18:39:12.334Z'}, {'id': '69f4c5ccf88f8fbaae5d5ac8', 'message': 'Massage122', 'owner': {'id': '69f4c54cf88f8fd1155d5aaa', 'firstName': 'Xander', 'lastName': 'Derich'}, 'post': '69f4c5b6f88f8f08175d5ac2', 'publishDate': '2026-05-01T15:25:00.427Z'}, {'id': '69f4c078f88f8f9e695d5817', 'message': 'Massage', 'owner': {'id': '69f4bf42f88f8f20ea5d57e8', 'firstName': 'Xander', 'lastName': 'Derovich'}, 'post': '69f4bfa8f88f8f3a865d57f7', 'publishDate': '2026-05-01T15:02:16.827Z'}, {'id': '69f4bfe9f88f8f0b985d57fd', 'message': 'Massage', 'owner': {'id': '69f4bf42f88f8f20ea5d57e8', 'firstName': 'Xander', 'lastName': 'Derovich'}, 'post': '69f4bfa8f88f8f3a865d57f7', 'publishDate': '2026-05-01T14:59:53.222Z'}, {'id': '69f2101ad2cb8a60a0764af0', 'message': 'Test Comment V', 'owner': {'id': '69f20aa7ca7e26c2afc2cf0a', 'firstName': 'Bin', 'lastName': 'Nib'}, 'post': '69f20dfcca7e260857c2cf1c', 'publishDate': '2026-04-29T14:05:14.477Z'}, {'id': '69f0d3887758f9603e37e5a1', 'message': 'comment', 'owner': {'id': '69f0d1cc7758f91c8a37e4da', 'firstName': 'Alex', 'lastName': 'QA'}, 'post': '69f0d2577068160d9b0f3249', 'publishDate': '2026-04-28T15:34:32.390Z'}, {'id': '69f0c5267758f9202b37e444', 'message': 'comment', 'owner': {'id': '69f0c41804de1dc5c2a94d61', 'firstName': 'Alex', 'lastName': 'QA'}, 'post': '69f0c4d27758f9460437e43e', 'publishDate': '2026-04-28T14:33:10.196Z'}, {'id': '69ef436a1eddccd267b1d5f0', 'message': 'comment123new', 'owner': {'id': '69ef419b1eddcc64f4b1d569', 'firstName': 'Alex', 'lastName': 'GA'}, 'post': '69ef3e281eddcc332cb1d552', 'publishDate': '2026-04-27T11:07:22.918Z'}, {'id': '69eb9914420f6ecf8947533b', 'message': 'good one', 'owner': {'id': '69eb96f8775d5e88e4a4107c', 'firstName': 'Roman', 'lastName': 'LOL'}, 'post': '69eb98f6146aef099ed19f1a', 'publishDate': '2026-04-24T16:23:48.283Z'}, {'id': '69eb8fe6420f6e3bce475262', 'message': 'good one', 'owner': {'id': '69eb8eef775d5ef3b6a40fca', 'firstName': 'LOL', 'lastName': 'Roman'}, 'post': '69eb8f7d420f6e53c247525c', 'publishDate': '2026-04-24T15:44:39.071Z'}, {'id': '69eb30ffde35343afd161a35', 'message': 'commant', 'owner': {'id': '69eb2f3ede35342bd8161a06', 'firstName': 'Alex', 'lastName': 'QA'}, 'post': '69eb30cbde3534e065161a2e', 'publishDate': '2026-04-24T08:59:43.750Z'}, {'id': '69eb2cb3de3534621c1619de', 'message': 'commant', 'owner': {'id': '69eb2b90de35347d291619c0', 'firstName': 'Alex', 'lastName': 'QA'}, 'post': '69eb2c29de3534fdd61619d5', 'publishDate': '2026-04-24T08:41:23.759Z'}], 'total': 1827, 'page': 0, 'limit': 50}
2026-06-01 11:42:03 DEBUG [urllib3.connectionpool] https://dummyapi.io:443 "POST /data/v1/user/create HTTP/1.1" 200 260
2026-06-01 11:42:03 INFO [services.api_base] POST https://dummyapi.io/data/v1/user/create -> 200
2026-06-01 11:42:03 DEBUG [services.api_base] Response body: {'id': '6a1d6fe1625f30f525c44aeb', 'firstName': 'Rachel', 'lastName': 'Calderon', 'email': 'autotestf681e910@gmail.com', 'dateOfBirth': '1940-05-03T00:00:00.000Z', 'phone': '170-291-3980', 'registerDate': '2026-06-01T11:41:21.259Z', 'updatedDate': '2026-06-01T11:41:21.259Z'}
2026-06-01 11:42:03 DEBUG [urllib3.connectionpool] https://dummyapi.io:443 "POST /data/v1/post/create HTTP/1.1" 200 309
2026-06-01 11:42:03 INFO [services.api_base] POST https://dummyapi.io/data/v1/post/create -> 200
2026-06-01 11:42:03 DEBUG [services.api_base] Response body: {'id': '6a1d6fe1625f309a1ec44af1', 'image': 'https://picsum.photos/57/554', 'likes': 974, 'link': '', 'tags': ['example'], 'text': 'Mission only small.', 'publishDate': '2026-06-01T11:41:21.489Z', 'updatedDate': '2026-06-01T11:41:21.489Z', 'owner': {'id': '6a1d6fe1625f30f525c44aeb', 'firstName': 'Rachel', 'lastName': 'Calderon'}}
2026-06-01 11:42:03 DEBUG [urllib3.connectionpool] https://dummyapi.io:443 "POST /data/v1/comment/create HTTP/1.1" 200 665
2026-06-01 11:42:03 INFO [services.api_base] POST https://dummyapi.io/data/v1/comment/create -> 200
2026-06-01 11:42:03 DEBUG [services.api_base] Response body: {'id': '6a1d6fe1625f303cfcc44af7', 'message': 'Ago loss dark question cell recently role sea. Middle such behavior here.\nThere health part measure board pretty. Product have organization include network. Marriage its front become stop. Although kind concern.\nWhich study factor series economy foot.\nPush see contain make. Cost just glass wear yes including. Somebody million hotel by election.\nProfessional push Congress rule here month. Policy beyond prepare current. Campaign certain determine seven.', 'owner': {'id': '6a1d6fe1625f30f525c44aeb', 'firstName': 'Rachel', 'lastName': 'Calderon'}, 'post': '6a1d6fe1625f309a1ec44af1', 'publishDate': '2026-06-01T11:41:21.713Z'}
2026-06-01 11:42:03 DEBUG [urllib3.connectionpool] https://dummyapi.io:443 "DELETE /data/v1/comment/6a1d6fe1625f303cfcc44af7 HTTP/1.1" 200 33
2026-06-01 11:42:03 INFO [services.api_base] DELETE https://dummyapi.io/data/v1/comment/6a1d6fe1625f303cfcc44af7 -> 200
2026-06-01 11:42:03 DEBUG [services.api_base] Response body: {'id': '6a1d6fe1625f303cfcc44af7'}
2026-06-01 11:42:03 DEBUG [urllib3.connectionpool] https://dummyapi.io:443 "DELETE /data/v1/comment/6a1d6fe1625f303cfcc44af7 HTTP/1.1" 404 30
2026-06-01 11:42:03 INFO [services.api_base] DELETE https://dummyapi.io/data/v1/comment/6a1d6fe1625f303cfcc44af7 -> 404
2026-06-01 11:42:03 DEBUG [services.api_base] Response body: {'error': 'RESOURCE_NOT_FOUND'}
2026-06-01 11:42:04 DEBUG [urllib3.connectionpool] https://dummyapi.io:443 "POST /data/v1/user/create HTTP/1.1" 200 259
2026-06-01 11:42:04 INFO [services.api_base] POST https://dummyapi.io/data/v1/user/create -> 200
2026-06-01 11:42:04 DEBUG [services.api_base] Response body: {'id': '6a1d6fe2625f30060dc44b07', 'firstName': 'Julie', 'lastName': 'Martinez', 'email': 'autotest3a150588@gmail.com', 'dateOfBirth': '1929-04-11T00:00:00.000Z', 'phone': '325-072-8313', 'registerDate': '2026-06-01T11:41:22.369Z', 'updatedDate': '2026-06-01T11:41:22.369Z'}
2026-06-01 11:42:04 DEBUG [urllib3.connectionpool] https://dummyapi.io:443 "POST /data/v1/post/create HTTP/1.1" 200 308
2026-06-01 11:42:04 INFO [services.api_base] POST https://dummyapi.io/data/v1/post/create -> 200
2026-06-01 11:42:04 DEBUG [services.api_base] Response body: {'id': '6a1d6fe2625f3074f4c44b0d', 'image': 'https://dummyimage.com/684x675', 'likes': 956, 'link': '', 'tags': ['season'], 'text': 'Heart impact sort.', 'publishDate': '2026-06-01T11:41:22.582Z', 'updatedDate': '2026-06-01T11:41:22.582Z', 'owner': {'id': '6a1d6fe2625f30060dc44b07', 'firstName': 'Julie', 'lastName': 'Martinez'}}
2026-06-01 11:42:04 DEBUG [urllib3.connectionpool] https://dummyapi.io:443 "POST /data/v1/comment/create HTTP/1.1" 200 631
2026-06-01 11:42:04 INFO [services.api_base] POST https://dummyapi.io/data/v1/comment/create -> 200
2026-06-01 11:42:04 DEBUG [services.api_base] Response body: {'id': '6a1d6fe2625f30d938c44b13', 'message': 'Stage particularly could bag. Very hot social force bar floor best.\nNext another gas marriage. Yard perhaps some spend international bill.\nHere through lead administration store. Old red stay recognize guess. Economic wide young before great movement better. Similar door far drive song lawyer.\nBaby senior tell painting police detail begin. Argue would he adult position. Season within their item top that himself student.', 'owner': {'id': '6a1d6fe2625f30060dc44b07', 'firstName': 'Julie', 'lastName': 'Martinez'}, 'post': '6a1d6fe2625f3074f4c44b0d', 'publishDate': '2026-06-01T11:41:22.867Z'}
2026-06-01 11:42:04 DEBUG [urllib3.connectionpool] https://dummyapi.io:443 "GET /data/v1/user/6a1d6fe2625f30060dc44b07/comment?page=0&limit=10 HTTP/1.1" 200 672
2026-06-01 11:42:04 INFO [services.api_base] GET https://dummyapi.io/data/v1/user/6a1d6fe2625f30060dc44b07/comment?page=0&limit=10 -> 200
2026-06-01 11:42:04 DEBUG [services.api_base] Response body: {'data': [{'id': '6a1d6fe2625f30d938c44b13', 'message': 'Stage particularly could bag. Very hot social force bar floor best.\nNext another gas marriage. Yard perhaps some spend international bill.\nHere through lead administration store. Old red stay recognize guess. Economic wide young before great movement better. Similar door far drive song lawyer.\nBaby senior tell painting police detail begin. Argue would he adult position. Season within their item top that himself student.', 'owner': {'id': '6a1d6fe2625f30060dc44b07', 'firstName': 'Julie', 'lastName': 'Martinez'}, 'post': '6a1d6fe2625f3074f4c44b0d', 'publishDate': '2026-06-01T11:41:22.867Z'}], 'total': 1, 'page': 0, 'limit': 10}
2026-06-01 11:42:05 DEBUG [urllib3.connectionpool] https://dummyapi.io:443 "GET /data/v1/post/6a1d6fe2625f3074f4c44b0d/comment?page=0&limit=15 HTTP/1.1" 200 672
2026-06-01 11:42:05 INFO [services.api_base] GET https://dummyapi.io/data/v1/post/6a1d6fe2625f3074f4c44b0d/comment?page=0&limit=15 -> 200
2026-06-01 11:42:05 DEBUG [services.api_base] Response body: {'data': [{'id': '6a1d6fe2625f30d938c44b13', 'message': 'Stage particularly could bag. Very hot social force bar floor best.\nNext another gas marriage. Yard perhaps some spend international bill.\nHere through lead administration store. Old red stay recognize guess. Economic wide young before great movement better. Similar door far drive song lawyer.\nBaby senior tell painting police detail begin. Argue would he adult position. Season within their item top that himself student.', 'owner': {'id': '6a1d6fe2625f30060dc44b07', 'firstName': 'Julie', 'lastName': 'Martinez'}, 'post': '6a1d6fe2625f3074f4c44b0d', 'publishDate': '2026-06-01T11:41:22.867Z'}], 'total': 1, 'page': 0, 'limit': 15}
2026-06-01 11:42:05 DEBUG [urllib3.connectionpool] https://dummyapi.io:443 "DELETE /data/v1/comment/6a1d6fe2625f30d938c44b13 HTTP/1.1" 200 33
2026-06-01 11:42:05 INFO [services.api_base] DELETE https://dummyapi.io/data/v1/comment/6a1d6fe2625f30d938c44b13 -> 200
2026-06-01 11:42:05 DEBUG [services.api_base] Response body: {'id': '6a1d6fe2625f30d938c44b13'}
2026-06-01 11:42:05 DEBUG [urllib3.connectionpool] https://dummyapi.io:443 "DELETE /data/v1/comment/6a1d6fe2625f30d938c44b13 HTTP/1.1" 404 30
2026-06-01 11:42:05 INFO [services.api_base] DELETE https://dummyapi.io/data/v1/comment/6a1d6fe2625f30d938c44b13 -> 404
2026-06-01 11:42:05 DEBUG [services.api_base] Response body: {'error': 'RESOURCE_NOT_FOUND'}
2026-06-01 11:42:05 DEBUG [urllib3.connectionpool] Starting new HTTPS connection (1): dummyapi.io:443
2026-06-01 11:42:05 DEBUG [urllib3.connectionpool] https://dummyapi.io:443 "GET /data/v1/post?page=0&limit=5 HTTP/1.1" 403 26
2026-06-01 11:42:05 DEBUG [urllib3.connectionpool] Starting new HTTPS connection (1): dummyapi.io:443
2026-06-01 11:42:06 DEBUG [urllib3.connectionpool] https://dummyapi.io:443 "GET /data/v1/post?page=0&limit=5 HTTP/1.1" 403 28
2026-06-01 11:42:06 DEBUG [urllib3.connectionpool] https://dummyapi.io:443 "GET /data/v1/post/123 HTTP/1.1" 400 28
2026-06-01 11:42:06 DEBUG [urllib3.connectionpool] https://dummyapi.io:443 "GET /data/v1/post/not-an-id HTTP/1.1" 400 28
2026-06-01 11:42:06 DEBUG [urllib3.connectionpool] https://dummyapi.io:443 "GET /data/v1/post/!!!!!!!!!! HTTP/1.1" 400 28
2026-06-01 11:42:10 DEBUG [urllib3.connectionpool] https://dummyapi.io:443 "GET /data/v1/post?page=-1&limit=10 HTTP/1.1" 200 3039
2026-06-01 11:42:13 DEBUG [urllib3.connectionpool] https://dummyapi.io:443 "GET /data/v1/post?page=0&limit=999 HTTP/1.1" 200 14998
2026-06-01 11:42:14 DEBUG [urllib3.connectionpool] https://dummyapi.io:443 "POST /data/v1/user/create HTTP/1.1" 200 257
2026-06-01 11:42:14 INFO [services.api_base] POST https://dummyapi.io/data/v1/user/create -> 200
2026-06-01 11:42:14 DEBUG [services.api_base] Response body: {'id': '6a1d6fec625f30b89ac44b43', 'firstName': 'Sara', 'lastName': 'Elliott', 'email': 'autotest1f48f8ac@gmail.com', 'dateOfBirth': '1961-11-29T00:00:00.000Z', 'phone': '632-162-3792', 'registerDate': '2026-06-01T11:41:32.366Z', 'updatedDate': '2026-06-01T11:41:32.366Z'}
2026-06-01 11:42:14 DEBUG [urllib3.connectionpool] https://dummyapi.io:443 "POST /data/v1/post/create HTTP/1.1" 400 26
2026-06-01 11:42:14 DEBUG [urllib3.connectionpool] https://dummyapi.io:443 "GET /data/v1/post/ffffffffffffffffffffffff HTTP/1.1" 404 30
2026-06-01 11:42:14 DEBUG [urllib3.connectionpool] https://dummyapi.io:443 "GET /data/v1/wrong-path HTTP/1.1" 404 26
2026-06-01 11:42:14 DEBUG [urllib3.connectionpool] https://dummyapi.io:443 "POST /data/v1/user/create HTTP/1.1" 200 259
2026-06-01 11:42:14 INFO [services.api_base] POST https://dummyapi.io/data/v1/user/create -> 200
2026-06-01 11:42:14 DEBUG [services.api_base] Response body: {'id': '6a1d6fed625f30393bc44b4a', 'firstName': 'Thomas', 'lastName': 'Johnson', 'email': 'autotest05fff993@gmail.com', 'dateOfBirth': '1956-03-16T00:00:00.000Z', 'phone': '153-116-6799', 'registerDate': '2026-06-01T11:41:33.149Z', 'updatedDate': '2026-06-01T11:41:33.149Z'}
2026-06-01 11:42:15 DEBUG [urllib3.connectionpool] https://dummyapi.io:443 "POST /data/v1/post/create HTTP/1.1" 200 308
2026-06-01 11:42:15 INFO [services.api_base] POST https://dummyapi.io/data/v1/post/create -> 200
2026-06-01 11:42:15 DEBUG [services.api_base] Response body: {'id': '6a1d6fed625f30a031c44b50', 'image': 'https://placekitten.com/370/576', 'likes': 989, 'link': '', 'tags': ['show'], 'text': 'Throw long suggest.', 'publishDate': '2026-06-01T11:41:33.367Z', 'updatedDate': '2026-06-01T11:41:33.367Z', 'owner': {'id': '6a1d6fed625f30393bc44b4a', 'firstName': 'Thomas', 'lastName': 'Johnson'}}
2026-06-01 11:42:15 DEBUG [urllib3.connectionpool] https://dummyapi.io:443 "POST /data/v1/user/create HTTP/1.1" 200 257
2026-06-01 11:42:15 INFO [services.api_base] POST https://dummyapi.io/data/v1/user/create -> 200
2026-06-01 11:42:15 DEBUG [services.api_base] Response body: {'id': '6a1d6fed625f30279bc44b53', 'firstName': 'Anna', 'lastName': 'Skinner', 'email': 'autotesta98f7809@gmail.com', 'dateOfBirth': '1949-06-08T00:00:00.000Z', 'phone': '156-296-7364', 'registerDate': '2026-06-01T11:41:33.588Z', 'updatedDate': '2026-06-01T11:41:33.588Z'}
2026-06-01 11:42:15 DEBUG [urllib3.connectionpool] https://dummyapi.io:443 "POST /data/v1/post/create HTTP/1.1" 200 300
2026-06-01 11:42:15 INFO [services.api_base] POST https://dummyapi.io/data/v1/post/create -> 200
2026-06-01 11:42:15 DEBUG [services.api_base] Response body: {'id': '6a1d6fed625f30a94dc44b59', 'image': 'https://dummyimage.com/552x349', 'likes': 149, 'link': '', 'tags': ['focus'], 'text': 'Story almost.', 'publishDate': '2026-06-01T11:41:33.855Z', 'updatedDate': '2026-06-01T11:41:33.855Z', 'owner': {'id': '6a1d6fed625f30279bc44b53', 'firstName': 'Anna', 'lastName': 'Skinner'}}
2026-06-01 11:42:15 DEBUG [urllib3.connectionpool] https://dummyapi.io:443 "GET /data/v1/user/6a1d6fed625f30279bc44b53/post?page=0&limit=50 HTTP/1.1" 200 331
2026-06-01 11:42:15 INFO [services.api_base] GET https://dummyapi.io/data/v1/user/6a1d6fed625f30279bc44b53/post?page=0&limit=50 -> 200
2026-06-01 11:42:15 DEBUG [services.api_base] Response body: {'data': [{'id': '6a1d6fed625f30a94dc44b59', 'image': 'https://dummyimage.com/552x349', 'likes': 149, 'tags': ['focus'], 'text': 'Story almost.', 'publishDate': '2026-06-01T11:41:33.855Z', 'updatedDate': '2026-06-01T11:41:33.855Z', 'owner': {'id': '6a1d6fed625f30279bc44b53', 'firstName': 'Anna', 'lastName': 'Skinner'}}], 'total': 1, 'page': 0, 'limit': 50}
2026-06-01 11:42:19 DEBUG [urllib3.connectionpool] https://dummyapi.io:443 "GET /data/v1/post?page=0&limit=50 HTTP/1.1" 200 14998
2026-06-01 11:42:19 INFO [services.api_base] GET https://dummyapi.io/data/v1/post?page=0&limit=50 -> 200
2026-06-01 11:42:19 DEBUG [services.api_base] Response body: {'data': [{'id': '6a1d6fed625f30a94dc44b59', 'image': 'https://dummyimage.com/552x349', 'likes': 149, 'tags': ['focus'], 'text': 'Story almost.', 'publishDate': '2026-06-01T11:41:33.855Z', 'updatedDate': '2026-06-01T11:41:33.855Z', 'owner': {'id': '6a1d6fed625f30279bc44b53', 'firstName': 'Anna', 'lastName': 'Skinner'}}, {'id': '6a1d6fed625f30a031c44b50', 'image': 'https://placekitten.com/370/576', 'likes': 989, 'tags': ['show'], 'text': 'Throw long suggest.', 'publishDate': '2026-06-01T11:41:33.367Z', 'updatedDate': '2026-06-01T11:41:33.367Z', 'owner': {'id': '6a1d6fed625f30393bc44b4a', 'firstName': 'Thomas', 'lastName': 'Johnson'}}, {'id': '6a1d6fe2625f3074f4c44b0d', 'image': 'https://dummyimage.com/684x675', 'likes': 956, 'tags': ['season'], 'text': 'Heart impact sort.', 'publishDate': '2026-06-01T11:41:22.582Z', 'updatedDate': '2026-06-01T11:41:22.582Z', 'owner': {'id': '6a1d6fe2625f30060dc44b07', 'firstName': 'Julie', 'lastName': 'Martinez'}}, {'id': '6a1d6fe1625f309a1ec44af1', 'image': 'https://picsum.photos/57/554', 'likes': 974, 'tags': ['example'], 'text': 'Mission only small.', 'publishDate': '2026-06-01T11:41:21.489Z', 'updatedDate': '2026-06-01T11:41:21.489Z', 'owner': {'id': '6a1d6fe1625f30f525c44aeb', 'firstName': 'Rachel', 'lastName': 'Calderon'}}, {'id': '6a1d6fd6625f30f76cc44ace', 'image': 'https://placekitten.com/358/995', 'likes': 410, 'tags': ['from'], 'text': 'Maybe vote will.', 'publishDate': '2026-06-01T11:41:10.356Z', 'updatedDate': '2026-06-01T11:41:10.356Z', 'owner': {'id': '6a1d6fd6625f306223c44ac8', 'firstName': 'Nathaniel', 'lastName': 'Finley'}}, {'id': '6a1d6fd5625f3002afc44ab9', 'image': 'https://placekitten.com/78/230', 'likes': 335, 'tags': ['occur'], 'text': 'Trouble ground.', 'publishDate': '2026-06-01T11:41:09.457Z', 'updatedDate': '2026-06-01T11:41:09.457Z', 'owner': {'id': '6a1d6fd5625f3042afc44ab3', 'firstName': 'Joy', 'lastName': 'Long'}}, {'id': '6a1d6fd4625f30d829c44aaa', 'image': 'https://placekitten.com/358/774', 'likes': 329, 'tags': ['within'], 'text': 'Western different.', 'publishDate': '2026-06-01T11:41:08.782Z', 'updatedDate': '2026-06-01T11:41:08.782Z', 'owner': {'id': '6a1d6fd4625f30de7fc44aa4', 'firstName': 'Michelle', 'lastName': 'Armstrong'}}, {'id': '6a1d6fcecc217a04be96be13', 'image': 'https://randomuser.me/api/portraits/med/women/75.jpg', 'likes': 1000, 'tags': ['QA'], 'text': 'text', 'publishDate': '2026-06-01T11:41:02.212Z', 'updatedDate': '2026-06-01T11:41:02.212Z', 'owner': {'id': '6a1d6fcbcc217aa3d396be0d', 'firstName': 'Myrtis', 'lastName': 'Kuhic'}}, {'id': '6a1d6b25625f3027c0c44956', 'image': 'https://randomuser.me/api/portraits/med/women/75.jpg', 'likes': 1000, 'tags': ['QA'], 'text': 'text', 'publishDate': '2026-06-01T11:21:09.356Z', 'updatedDate': '2026-06-01T11:21:09.356Z', 'owner': {'id': '6a1d6ac9625f30a4bac4494a', 'firstName': 'Alex', 'lastName': 'QA'}}, {'id': '6a1d6afd625f307d83c44950', 'image': 'https://randomuser.me/api/portraits/med/women/75.jpg', 'likes': 1000, 'tags': ['QA'], 'text': 'text', 'publishDate': '2026-06-01T11:20:29.656Z', 'updatedDate': '2026-06-01T11:20:29.656Z', 'owner': {'id': '6a1d6ac9625f30a4bac4494a', 'firstName': 'Alex', 'lastName': 'QA'}}, {'id': '6a1d54ee625f30c01cc443d8', 'image': 'https://randomuser.me/api/portraits/med/women/75.jpg', 'likes': 1000, 'tags': ['QA'], 'text': 'text', 'publishDate': '2026-06-01T09:46:22.057Z', 'updatedDate': '2026-06-01T09:46:22.057Z', 'owner': {'id': '6a1d52d7625f308db1c443b0', 'firstName': 'AlexTest', 'lastName': 'QATest'}}, {'id': '6a1d54de625f30e3a5c443d2', 'image': 'https://randomuser.me/api/portraits/med/women/75.jpg', 'likes': 1000, 'tags': ['QA'], 'text': 'text', 'publishDate': '2026-06-01T09:46:06.062Z', 'updatedDate': '2026-06-01T09:46:06.062Z', 'owner': {'id': '6a1d52d7625f308db1c443b0', 'firstName': 'AlexTest', 'lastName': 'QATest'}}, {'id': '6a1d54b6625f307a09c443cc', 'image': 'https://randomuser.me/api/portraits/med/women/75.jpg', 'likes': 1000, 'tags': ['QA'], 'text': 'text', 'publishDate': '2026-06-01T09:45:26.273Z', 'updatedDate': '2026-06-01T09:45:26.273Z', 'owner': {'id': '6a1d52d7625f308db1c443b0', 'firstName': 'AlexTest', 'lastName': 'QATest'}}, {'id': '6a1c5a0c9f0dd935661b8622', 'image': 'https://randomuser.me/api/portraits/med/women/75.jpg', 'likes': 1000, 'tags': ['QA'], 'text': 'text', 'publishDate': '2026-05-31T15:55:56.557Z', 'updatedDate': '2026-05-31T15:55:56.557Z', 'owner': {'id': '6a1c59989f0dd927c41b8617', 'firstName': 'Alex', 'lastName': 'QA'}}, {'id': '6a1c15c4a3c05cabf446d467', 'image': 'https://randomuser.me/api/portraits/med/men/66.jpg', 'likes': 1000, 'tags': ['qa'], 'text': 'text', 'publishDate': '2026-05-31T11:04:36.473Z', 'updatedDate': '2026-05-31T11:04:36.473Z', 'owner': {'id': '6a1c14d0a3c05c266d46d29a', 'firstName': 'Alex', 'lastName': 'QA'}}, {'id': '6a1c157ca3c05cdaf846d2bd', 'image': 'https://randomuser.me/api/portraits/med/men/66.jpg', 'likes': 1000, 'tags': ['qa'], 'text': 'text', 'publishDate': '2026-05-31T11:03:24.170Z', 'updatedDate': '2026-05-31T11:03:24.170Z', 'owner': {'id': '6a1c14d0a3c05c266d46d29a', 'firstName': 'Alex', 'lastName': 'QA'}}, {'id': '6a197028d906f60ac13f42ae', 'image': 'https://randomuser.me/api/portraits/med/women/32.jpg', 'likes': 1000, 'tags': ['qa'], 'text': 'text', 'publishDate': '2026-05-29T10:53:28.329Z', 'updatedDate': '2026-05-29T10:53:28.329Z', 'owner': {'id': '6a196ed7d906f649993f42a3', 'firstName': 'Fil', 'lastName': 'Gri'}}, {'id': '6a185bac75cf118c417c1deb', 'image': 'https://randomuser.me/api/portraits/med/men/66.jpg', 'likes': 1000, 'tags': ['QA'], 'text': 'text', 'publishDate': '2026-05-28T15:13:48.001Z', 'updatedDate': '2026-05-28T15:13:48.001Z', 'owner': {'id': '6a185b1f75cf1152007c1dcd', 'firstName': 'Msthew', 'lastName': 'Polosukhin'}}, {'id': '6a185ba775cf11798b7c1de5', 'image': 'https://randomuser.me/api/portraits/med/men/66.jpg', 'likes': 1000, 'tags': ['QA'], 'text': 'text', 'publishDate': '2026-05-28T15:13:43.695Z', 'updatedDate': '2026-05-28T15:13:43.695Z', 'owner': {'id': '6a185b1f75cf1152007c1dcd', 'firstName': 'Msthew', 'lastName': 'Polosukhin'}}, {'id': '6a185b9f75cf11441b7c1ddf', 'image': 'https://randomuser.me/api/portraits/med/men/66.jpg', 'likes': 1000, 'tags': ['QA'], 'text': 'text', 'publishDate': '2026-05-28T15:13:35.097Z', 'updatedDate': '2026-05-28T15:13:35.097Z', 'owner': {'id': '6a185b1f75cf1152007c1dcd', 'firstName': 'Msthew', 'lastName': 'Polosukhin'}}, {'id': '6a185b6a75cf11d70d7c1dd9', 'image': 'https://randomuser.me/api/portraits/med/men/66.jpg', 'likes': 1000, 'tags': ['QA'], 'text': 'text', 'publishDate': '2026-05-28T15:12:42.092Z', 'updatedDate': '2026-05-28T15:12:42.092Z', 'owner': {'id': '6a185b1f75cf1152007c1dcd', 'firstName': 'Msthew', 'lastName': 'Polosukhin'}}, {'id': '6a185b5e75cf1193a17c1dd3', 'image': 'https://randomuser.me/api/portraits/med/men/66.jpg', 'likes': 69, 'tags': ['QA'], 'text': 'Qa', 'publishDate': '2026-05-28T15:12:30.997Z', 'updatedDate': '2026-05-28T15:12:30.997Z', 'owner': {'id': '6a185aca75cf11b1b07c1dbb', 'firstName': 'Alex', 'lastName': 'QA'}}, {'id': '6a1859ab75cf1124947c1d99', 'image': 'https://randomuser.me/api/portraits/med/men/66.jpg', 'likes': 69, 'tags': ['QA'], 'text': 'Qa', 'publishDate': '2026-05-28T15:05:15.694Z', 'updatedDate': '2026-05-28T15:05:15.694Z', 'owner': {'id': '6a184ef675cf11a4207c1ae5', 'firstName': 'Alex', 'lastName': 'QA'}}, {'id': '6a1856ac75cf114c317c1b7e', 'image': 'https://randomuser.me/api/portraits/med/men/66.jpg', 'likes': 1000, 'tags': ['QA'], 'text': 'text', 'publishDate': '2026-05-28T14:52:28.497Z', 'updatedDate': '2026-05-28T14:52:28.497Z', 'owner': {'id': '6a18567f75cf1182f47c1b6b', 'firstName': 'Mathew_greatest', 'lastName': 'PolosukhiN'}}, {'id': '6a18562875cf1103737c1b4c', 'image': 'https://randomuser.me/api/portraits/med/men/66.jpg', 'likes': 1000, 'tags': ['QA'], 'text': 'text', 'publishDate': '2026-05-28T14:50:16.994Z', 'updatedDate': '2026-05-28T14:50:16.994Z', 'owner': {'id': '6a18547675cf1115ae7c1b35', 'firstName': 'Msthew', 'lastName': 'Polosukhin'}}, {'id': '6a184fe875cf111c807c1b1e', 'image': 'https://randomuser.me/api/portraits/med/men/66.jpg', 'likes': 69, 'tags': ['QA'], 'text': 'Qa', 'publishDate': '2026-05-28T14:23:36.547Z', 'updatedDate': '2026-05-28T14:23:36.547Z', 'owner': {'id': '6a184ef675cf11a4207c1ae5', 'firstName': 'Alex', 'lastName': 'QA'}}, {'id': '6a184e2b75cf119ed47c1ad6', 'image': 'https://randomuser.me/api/portraits/med/men/66.jpg', 'likes': 1000, 'tags': ['QA'], 'text': 'text', 'publishDate': '2026-05-28T14:16:11.101Z', 'updatedDate': '2026-05-28T14:16:11.101Z', 'owner': {'id': '6a184d0a75cf115acf7c1ab7', 'firstName': 'Msthew', 'lastName': 'Polosukhin'}}, {'id': '6a17821170985d387abdef18', 'image': 'https://randomuser.me/api/portraits/med/men/66.jpg', 'likes': 1000, 'tags': ['qa'], 'text': 'text', 'publishDate': '2026-05-27T23:45:21.878Z', 'updatedDate': '2026-05-27T23:45:21.878Z', 'owner': {'id': '6a17819970985def69bdef12', 'firstName': 'Irina', 'lastName': 'QA'}}, {'id': '6a172278a5a5437f74c79d81', 'image': 'https://randomuser.me/api/portraits/med/men/66.jpg', 'likes': 1000, 'tags': ['qa'], 'text': 'text', 'publishDate': '2026-05-27T16:57:28.846Z', 'updatedDate': '2026-05-27T16:57:28.846Z', 'owner': {'id': '6a172254a5a5433bbac79d6e', 'firstName': 'AlexTest', 'lastName': 'QA_test'}}, {'id': '6a1713b2a5a543560ec799ff', 'image': 'https://randomuser.me/api/portraits/med/men/66.jpg', 'likes': 1000, 'tags': ['qa'], 'text': 'text', 'publishDate': '2026-05-27T15:54:26.194Z', 'updatedDate': '2026-05-27T15:54:26.194Z', 'owner': {'id': '6a1712bea5a5436445c799cd', 'firstName': 'Alex', 'lastName': 'QA'}}, {'id': '6a15d6bf5e636aee07e72645', 'image': 'https://randomuser.me/api/portraits/med/men/66.jpg', 'likes': 1000, 'tags': ['QA'], 'text': 'text', 'publishDate': '2026-05-26T17:22:08.003Z', 'updatedDate': '2026-05-26T17:22:08.003Z', 'owner': {'id': '6a15d63c5e636ab6bce7263d', 'firstName': 'Evalyn', 'lastName': 'Oberbrunner'}}, {'id': '6a1425ff0344994055da3c25', 'image': 'https://randomuser.me/api/portraits/med/men/66.jpg', 'likes': 1000, 'tags': ['QA'], 'text': 'text', 'publishDate': '2026-05-25T10:35:43.922Z', 'updatedDate': '2026-05-25T10:35:43.922Z', 'owner': {'id': '6a1425eb0344995a22da3c17', 'firstName': 'AlexTest', 'lastName': 'QA_test'}}, {'id': '6a140f950344995661da3453', 'image': 'https://randomuser.me/api/portraits/med/men/66.jpg', 'likes': 1000, 'tags': ['QA'], 'text': 'text', 'publishDate': '2026-05-25T09:00:05.927Z', 'updatedDate': '2026-05-25T09:00:05.927Z', 'owner': {'id': '6a140adf0344998007da3428', 'firstName': 'Alex', 'lastName': 'QA'}}, {'id': '6a14079c0344992ac1da3413', 'image': 'https://randomuser.me/api/portraits/med/men/66.jpg', 'likes': 1000, 'tags': ['QA'], 'text': 'text', 'publishDate': '2026-05-25T08:26:04.724Z', 'updatedDate': '2026-05-25T08:26:04.724Z', 'owner': {'id': '6a1407030344994eddda340d', 'firstName': 'Alex', 'lastName': 'QA'}}, {'id': '6a1314b4a858232622063cac', 'image': 'https://randomuser.me/api/portraits/med/men/9.jpg', 'likes': 1000, 'tags': ['qa'], 'text': 'text', 'publishDate': '2026-05-24T15:09:40.282Z', 'updatedDate': '2026-05-24T15:09:40.282Z', 'owner': {'id': '6a1314a4a858235608063c9e', 'firstName': 'AlexTest', 'lastName': 'QATest'}}, {'id': '6a13115da858230fba06398d', 'image': 'https://randomuser.me/api/portraits/med/men/9.jpg', 'likes': 1000, 'tags': ['qa'], 'text': 'text', 'publishDate': '2026-05-24T14:55:25.713Z', 'updatedDate': '2026-05-24T14:55:25.713Z', 'owner': {'id': '6a1310a3a85823db2906397b', 'firstName': 'Alex', 'lastName': 'QA'}}, {'id': '6a131148a85823bd71063987', 'image': 'https://randomuser.me/api/portraits/med/men/9.jpg', 'likes': 1000, 'tags': ['qa'], 'text': 'text', 'publishDate': '2026-05-24T14:55:04.083Z', 'updatedDate': '2026-05-24T14:55:04.083Z', 'owner': {'id': '6a1310a3a85823db2906397b', 'firstName': 'Alex', 'lastName': 'QA'}}, {'id': '6a1310daa858230013063981', 'image': 'https://randomuser.me/api/portraits/med/men/9.jpg', 'likes': 1000, 'tags': ['qa'], 'text': 'text', 'publishDate': '2026-05-24T14:53:14.206Z', 'updatedDate': '2026-05-24T14:53:14.206Z', 'owner': {'id': '6a1310a3a85823db2906397b', 'firstName': 'Alex', 'lastName': 'QA'}}, {'id': '6a130a47a8582363890638fb', 'image': 'https://randomuser.me/api/portraits/med/men/9.jpg', 'likes': 1000, 'tags': ['qa'], 'text': 'text', 'publishDate': '2026-05-24T14:25:11.901Z', 'updatedDate': '2026-05-24T14:25:11.901Z', 'owner': {'id': '6a1308d4a858236bc10638dd', 'firstName': 'Alex', 'lastName': 'QA'}}, {'id': '6a1305dca8582350b70638d1', 'image': 'https://randomuser.me/api/portraits/med/men/9.jpg', 'likes': 1000, 'tags': ['qa'], 'text': 'text', 'publishDate': '2026-05-24T14:06:20.392Z', 'updatedDate': '2026-05-24T14:06:20.392Z', 'owner': {'id': '6a13053da8582385b40638c6', 'firstName': 'Alex', 'lastName': 'QA'}}, {'id': '6a1120cade9d40cfc82db849', 'image': 'https://randomuser.me/api/portraits/med/men/66.jpg', 'likes': 10000, 'tags': ['qa'], 'text': 'text', 'publishDate': '2026-05-23T03:36:42.856Z', 'updatedDate': '2026-05-23T03:36:42.856Z', 'owner': {'id': '6a111fb4de9d40ce4e2db843', 'firstName': 'Alex', 'lastName': 'QA'}}, {'id': '6a0f34cce831b1b652bfe540', 'image': 'https://randomuser.me/api/portraits/med/women/75.jpg', 'likes': 1000, 'tags': ['QA'], 'text': 'text', 'publishDate': '2026-05-21T16:37:32.105Z', 'updatedDate': '2026-05-21T16:37:32.105Z', 'owner': {'id': '6a0f3430e831b172e0bfe51c', 'firstName': 'Alex', 'lastName': 'QA'}}, {'id': '6a0f34b9e831b1758ebfe53a', 'image': 'https://randomuser.me/api/portraits/med/women/75.jpg', 'likes': 1000, 'tags': ['QA'], 'text': 'text', 'publishDate': '2026-05-21T16:37:13.999Z', 'updatedDate': '2026-05-21T16:37:13.999Z', 'owner': {'id': '6a0f3430e831b172e0bfe51c', 'firstName': 'Alex', 'lastName': 'QA'}}, {'id': '6a0f2f7de831b14a49bfe49c', 'image': 'https://randomuser.me/api/portraits/med/men/66.jpg', 'likes': 1000, 'tags': ['qa'], 'text': 'text', 'publishDate': '2026-05-21T16:14:53.378Z', 'updatedDate': '2026-05-21T16:14:53.378Z', 'owner': {'id': '6a0f2d24e831b1440abfe2fd', 'firstName': 'Alex', 'lastName': 'QA'}}, {'id': '6a0f203ee831b14944bfe0ae', 'image': 'https://randomuser.me/api/portraits/med/men/45.jpg', 'likes': 1000, 'tags': ['qa'], 'text': 'text', 'publishDate': '2026-05-21T15:09:50.384Z', 'updatedDate': '2026-05-21T15:09:50.384Z', 'owner': {'id': '6a0f1cfce831b1b87fbfde7d', 'firstName': 'AlexTT', 'lastName': 'QA_TT'}}, {'id': '6a0cce05c03176af22959ece', 'image': 'https://randomuser.me/api/portraits/med/men/66.jpg', 'likes': 1000, 'tags': ['QA'], 'text': 'text', 'publishDate': '2026-05-19T20:54:29.416Z', 'updatedDate': '2026-05-19T20:54:29.416Z', 'owner': {'id': '6a0ccdf7c0317610e7959ec0', 'firstName': 'AlexTest', 'lastName': 'QA_test'}}, {'id': '6a0ccd8ec031761de5959e91', 'image': 'https://randomuser.me/api/portraits/med/men/66.jpg', 'likes': 1000, 'tags': ['QA'], 'text': 'text', 'publishDate': '2026-05-19T20:52:30.144Z', 'updatedDate': '2026-05-19T20:52:30.144Z', 'owner': {'id': '6a0ccd82c0317656e5959e83', 'firstName': 'AlexTest', 'lastName': 'QA_test'}}, {'id': '6a0ccb49c03176856a959e3b', 'image': 'https://randomuser.me/api/portraits/med/men/66.jpg', 'likes': 1000, 'tags': ['QA'], 'text': 'text', 'publishDate': '2026-05-19T20:42:49.249Z', 'updatedDate': '2026-05-19T20:42:49.249Z', 'owner': {'id': '6a0ccacec031766bda959e15', 'firstName': 'AlexTest', 'lastName': 'QA_test'}}, {'id': '6a0ccad9c031765b90959e1f', 'image': 'https://randomuser.me/api/portraits/med/men/66.jpg', 'likes': 1000, 'tags': ['QA'], 'text': 'text', 'publishDate': '2026-05-19T20:40:57.045Z', 'updatedDate': '2026-05-19T20:40:57.045Z', 'owner': {'id': '6a0ccacec031766bda959e15', 'firstName': 'AlexTest', 'lastName': 'QA_test'}}, {'id': '6a0cc6cfc0317615b0959d09', 'image': 'https://randomuser.me/api/portraits/med/men/66.jpg', 'likes': 1000, 'tags': ['QA'], 'text': 'text', 'publishDate': '2026-05-19T20:23:43.943Z', 'updatedDate': '2026-05-19T20:23:43.943Z', 'owner': {'id': '6a0cc62fc03176f607959cf1', 'firstName': 'Alex', 'lastName': 'QA'}}], 'total': 5931, 'page': 0, 'limit': 50}
2026-06-01 11:42:19 DEBUG [urllib3.connectionpool] https://dummyapi.io:443 "POST /data/v1/user/create HTTP/1.1" 200 259
2026-06-01 11:42:19 INFO [services.api_base] POST https://dummyapi.io/data/v1/user/create -> 200
2026-06-01 11:42:19 DEBUG [services.api_base] Response body: {'id': '6a1d6ff1625f300d3cc44b6d', 'firstName': 'Nicholas', 'lastName': 'Ellis', 'email': 'autotesta88112ce@gmail.com', 'dateOfBirth': '1988-10-07T00:00:00.000Z', 'phone': '234-173-6655', 'registerDate': '2026-06-01T11:41:37.556Z', 'updatedDate': '2026-06-01T11:41:37.556Z'}
2026-06-01 11:42:19 DEBUG [urllib3.connectionpool] https://dummyapi.io:443 "POST /data/v1/post/create HTTP/1.1" 200 308
2026-06-01 11:42:19 INFO [services.api_base] POST https://dummyapi.io/data/v1/post/create -> 200
2026-06-01 11:42:19 DEBUG [services.api_base] Response body: {'id': '6a1d6ff1625f302e75c44b73', 'image': 'https://placekitten.com/985/611', 'likes': 51, 'link': '', 'tags': ['current'], 'text': 'Low car language.', 'publishDate': '2026-06-01T11:41:37.778Z', 'updatedDate': '2026-06-01T11:41:37.778Z', 'owner': {'id': '6a1d6ff1625f300d3cc44b6d', 'firstName': 'Nicholas', 'lastName': 'Ellis'}}
2026-06-01 11:42:19 DEBUG [urllib3.connectionpool] https://dummyapi.io:443 "GET /data/v1/post/6a1d6ff1625f302e75c44b73 HTTP/1.1" 200 308
2026-06-01 11:42:19 INFO [services.api_base] GET https://dummyapi.io/data/v1/post/6a1d6ff1625f302e75c44b73 -> 200
2026-06-01 11:42:19 DEBUG [services.api_base] Response body: {'id': '6a1d6ff1625f302e75c44b73', 'image': 'https://placekitten.com/985/611', 'likes': 51, 'link': '', 'tags': ['current'], 'text': 'Low car language.', 'publishDate': '2026-06-01T11:41:37.778Z', 'updatedDate': '2026-06-01T11:41:37.778Z', 'owner': {'id': '6a1d6ff1625f300d3cc44b6d', 'firstName': 'Nicholas', 'lastName': 'Ellis'}}
2026-06-01 11:42:20 DEBUG [urllib3.connectionpool] https://dummyapi.io:443 "POST /data/v1/user/create HTTP/1.1" 200 258
2026-06-01 11:42:20 INFO [services.api_base] POST https://dummyapi.io/data/v1/user/create -> 200
2026-06-01 11:42:20 DEBUG [services.api_base] Response body: {'id': '6a1d6ff2625f304adfc44b7d', 'firstName': 'Justin', 'lastName': 'Snyder', 'email': 'autoteste757735b@gmail.com', 'dateOfBirth': '1944-05-05T00:00:00.000Z', 'phone': '286-296-3818', 'registerDate': '2026-06-01T11:41:38.226Z', 'updatedDate': '2026-06-01T11:41:38.226Z'}
2026-06-01 11:42:20 DEBUG [urllib3.connectionpool] https://dummyapi.io:443 "POST /data/v1/post/create HTTP/1.1" 200 301
2026-06-01 11:42:20 INFO [services.api_base] POST https://dummyapi.io/data/v1/post/create -> 200
2026-06-01 11:42:20 DEBUG [services.api_base] Response body: {'id': '6a1d6ff2625f309da3c44b83', 'image': 'https://dummyimage.com/0x23', 'likes': 373, 'link': '', 'tags': ['common'], 'text': 'Apply material.', 'publishDate': '2026-06-01T11:41:38.446Z', 'updatedDate': '2026-06-01T11:41:38.446Z', 'owner': {'id': '6a1d6ff2625f304adfc44b7d', 'firstName': 'Justin', 'lastName': 'Snyder'}}
2026-06-01 11:42:20 DEBUG [urllib3.connectionpool] https://dummyapi.io:443 "PUT /data/v1/post/6a1d6ff2625f309da3c44b83 HTTP/1.1" 200 308
2026-06-01 11:42:20 INFO [services.api_base] PUT https://dummyapi.io/data/v1/post/6a1d6ff2625f309da3c44b83 -> 200
2026-06-01 11:42:20 DEBUG [services.api_base] Response body: {'id': '6a1d6ff2625f309da3c44b83', 'image': 'https://placekitten.com/92/171', 'likes': 2, 'link': '', 'tags': ['product'], 'text': 'Entire argue choose.', 'publishDate': '2026-06-01T11:41:38.446Z', 'updatedDate': '2026-06-01T11:41:38.689Z', 'owner': {'id': '6a1d6ff2625f304adfc44b7d', 'firstName': 'Justin', 'lastName': 'Snyder'}}
2026-06-01 11:42:20 DEBUG [urllib3.connectionpool] https://dummyapi.io:443 "POST /data/v1/user/create HTTP/1.1" 200 258
2026-06-01 11:42:20 INFO [services.api_base] POST https://dummyapi.io/data/v1/user/create -> 200
2026-06-01 11:42:20 DEBUG [services.api_base] Response body: {'id': '6a1d6ff2625f306b3bc44b8d', 'firstName': 'Jessica', 'lastName': 'Ramos', 'email': 'autotestbfbb2002@gmail.com', 'dateOfBirth': '2002-07-24T00:00:00.000Z', 'phone': '265-134-1099', 'registerDate': '2026-06-01T11:41:38.947Z', 'updatedDate': '2026-06-01T11:41:38.947Z'}
2026-06-01 11:42:20 DEBUG [urllib3.connectionpool] https://dummyapi.io:443 "POST /data/v1/post/create HTTP/1.1" 200 303
2026-06-01 11:42:20 INFO [services.api_base] POST https://dummyapi.io/data/v1/post/create -> 200
2026-06-01 11:42:20 DEBUG [services.api_base] Response body: {'id': '6a1d6ff3625f30181fc44b93', 'image': 'https://dummyimage.com/887x848', 'likes': 346, 'link': '', 'tags': ['much'], 'text': 'Impact somebody.', 'publishDate': '2026-06-01T11:41:39.159Z', 'updatedDate': '2026-06-01T11:41:39.159Z', 'owner': {'id': '6a1d6ff2625f306b3bc44b8d', 'firstName': 'Jessica', 'lastName': 'Ramos'}}
2026-06-01 11:42:21 DEBUG [urllib3.connectionpool] https://dummyapi.io:443 "DELETE /data/v1/post/6a1d6ff3625f30181fc44b93 HTTP/1.1" 200 33
2026-06-01 11:42:21 INFO [services.api_base] DELETE https://dummyapi.io/data/v1/post/6a1d6ff3625f30181fc44b93 -> 200
2026-06-01 11:42:21 DEBUG [services.api_base] Response body: {'id': '6a1d6ff3625f30181fc44b93'}
2026-06-01 11:42:21 DEBUG [urllib3.connectionpool] https://dummyapi.io:443 "GET /data/v1/post/6a1d6ff3625f30181fc44b93 HTTP/1.1" 404 30
2026-06-01 11:42:21 INFO [services.api_base] GET https://dummyapi.io/data/v1/post/6a1d6ff3625f30181fc44b93 -> 404
2026-06-01 11:42:21 DEBUG [services.api_base] Response body: {'error': 'RESOURCE_NOT_FOUND'}
2026-06-01 11:42:21 DEBUG [urllib3.connectionpool] https://dummyapi.io:443 "POST /data/v1/user/create HTTP/1.1" 200 260
2026-06-01 11:42:21 INFO [services.api_base] POST https://dummyapi.io/data/v1/user/create -> 200
2026-06-01 11:42:21 DEBUG [services.api_base] Response body: {'id': '6a1d6ff3625f30938ac44b9d', 'firstName': 'Nicole', 'lastName': 'Mcdonald', 'email': 'autotest31244aba@gmail.com', 'dateOfBirth': '1942-11-13T00:00:00.000Z', 'phone': '780-550-7510', 'registerDate': '2026-06-01T11:41:39.885Z', 'updatedDate': '2026-06-01T11:41:39.885Z'}
2026-06-01 11:42:21 DEBUG [urllib3.connectionpool] https://dummyapi.io:443 "POST /data/v1/post/create HTTP/1.1" 200 304
2026-06-01 11:42:21 INFO [services.api_base] POST https://dummyapi.io/data/v1/post/create -> 200
2026-06-01 11:42:21 DEBUG [services.api_base] Response body: {'id': '6a1d6ff4625f306b27c44ba3', 'image': 'https://picsum.photos/73/541', 'likes': 712, 'link': '', 'tags': ['at'], 'text': 'Help father family.', 'publishDate': '2026-06-01T11:41:40.110Z', 'updatedDate': '2026-06-01T11:41:40.110Z', 'owner': {'id': '6a1d6ff3625f30938ac44b9d', 'firstName': 'Nicole', 'lastName': 'Mcdonald'}}
2026-06-01 11:42:22 DEBUG [urllib3.connectionpool] https://dummyapi.io:443 "GET /data/v1/post/6a1d6ff4625f306b27c44ba3 HTTP/1.1" 200 304
2026-06-01 11:42:22 INFO [services.api_base] GET https://dummyapi.io/data/v1/post/6a1d6ff4625f306b27c44ba3 -> 200
2026-06-01 11:42:22 DEBUG [services.api_base] Response body: {'id': '6a1d6ff4625f306b27c44ba3', 'image': 'https://picsum.photos/73/541', 'likes': 712, 'link': '', 'tags': ['at'], 'text': 'Help father family.', 'publishDate': '2026-06-01T11:41:40.110Z', 'updatedDate': '2026-06-01T11:41:40.110Z', 'owner': {'id': '6a1d6ff3625f30938ac44b9d', 'firstName': 'Nicole', 'lastName': 'Mcdonald'}}
2026-06-01 11:42:22 DEBUG [urllib3.connectionpool] https://dummyapi.io:443 "PUT /data/v1/post/6a1d6ff4625f306b27c44ba3 HTTP/1.1" 200 306
2026-06-01 11:42:22 INFO [services.api_base] PUT https://dummyapi.io/data/v1/post/6a1d6ff4625f306b27c44ba3 -> 200
2026-06-01 11:42:22 DEBUG [services.api_base] Response body: {'id': '6a1d6ff4625f306b27c44ba3', 'image': 'https://dummyimage.com/945x957', 'likes': 663, 'link': '', 'tags': ['week'], 'text': 'Black I let wall.', 'publishDate': '2026-06-01T11:41:40.110Z', 'updatedDate': '2026-06-01T11:41:40.664Z', 'owner': {'id': '6a1d6ff3625f30938ac44b9d', 'firstName': 'Nicole', 'lastName': 'Mcdonald'}}
2026-06-01 11:42:22 DEBUG [urllib3.connectionpool] https://dummyapi.io:443 "GET /data/v1/post/6a1d6ff4625f306b27c44ba3 HTTP/1.1" 200 306
2026-06-01 11:42:22 INFO [services.api_base] GET https://dummyapi.io/data/v1/post/6a1d6ff4625f306b27c44ba3 -> 200
2026-06-01 11:42:22 DEBUG [services.api_base] Response body: {'id': '6a1d6ff4625f306b27c44ba3', 'image': 'https://dummyimage.com/945x957', 'likes': 663, 'link': '', 'tags': ['week'], 'text': 'Black I let wall.', 'publishDate': '2026-06-01T11:41:40.110Z', 'updatedDate': '2026-06-01T11:41:40.664Z', 'owner': {'id': '6a1d6ff3625f30938ac44b9d', 'firstName': 'Nicole', 'lastName': 'Mcdonald'}}
2026-06-01 11:42:22 DEBUG [urllib3.connectionpool] https://dummyapi.io:443 "DELETE /data/v1/post/6a1d6ff4625f306b27c44ba3 HTTP/1.1" 200 33
2026-06-01 11:42:22 INFO [services.api_base] DELETE https://dummyapi.io/data/v1/post/6a1d6ff4625f306b27c44ba3 -> 200
2026-06-01 11:42:22 DEBUG [services.api_base] Response body: {'id': '6a1d6ff4625f306b27c44ba3'}
2026-06-01 11:42:23 DEBUG [urllib3.connectionpool] https://dummyapi.io:443 "GET /data/v1/post/6a1d6ff4625f306b27c44ba3 HTTP/1.1" 404 30
2026-06-01 11:42:23 INFO [services.api_base] GET https://dummyapi.io/data/v1/post/6a1d6ff4625f306b27c44ba3 -> 404
2026-06-01 11:42:23 DEBUG [services.api_base] Response body: {'error': 'RESOURCE_NOT_FOUND'}
2026-06-01 11:42:23 DEBUG [urllib3.connectionpool] Starting new HTTPS connection (1): dummyapi.io:443
2026-06-01 11:42:23 DEBUG [urllib3.connectionpool] https://dummyapi.io:443 "GET /data/v1/user?page=0&limit=5 HTTP/1.1" 403 26
2026-06-01 11:42:23 DEBUG [urllib3.connectionpool] Starting new HTTPS connection (1): dummyapi.io:443
2026-06-01 11:42:23 DEBUG [urllib3.connectionpool] https://dummyapi.io:443 "GET /data/v1/user?page=0&limit=5 HTTP/1.1" 403 28
2026-06-01 11:42:23 DEBUG [urllib3.connectionpool] https://dummyapi.io:443 "GET /data/v1/user/123 HTTP/1.1" 400 28
2026-06-01 11:42:24 DEBUG [urllib3.connectionpool] https://dummyapi.io:443 "GET /data/v1/user/not-an-id HTTP/1.1" 400 28
2026-06-01 11:42:24 DEBUG [urllib3.connectionpool] https://dummyapi.io:443 "GET /data/v1/user/!!!!!!!! HTTP/1.1" 400 28
2026-06-01 11:42:24 DEBUG [urllib3.connectionpool] https://dummyapi.io:443 "GET /data/v1/user?page=-1&limit=10 HTTP/1.1" 200 1557
2026-06-01 11:42:24 DEBUG [urllib3.connectionpool] https://dummyapi.io:443 "GET /data/v1/user?page=0&limit=999 HTTP/1.1" 200 4772
2026-06-01 11:42:25 DEBUG [urllib3.connectionpool] https://dummyapi.io:443 "POST /data/v1/user/create HTTP/1.1" 400 79
2026-06-01 11:42:25 DEBUG [urllib3.connectionpool] https://dummyapi.io:443 "POST /data/v1/user/create HTTP/1.1" 400 77
2026-06-01 11:42:25 DEBUG [urllib3.connectionpool] https://dummyapi.io:443 "POST /data/v1/user/create HTTP/1.1" 400 71
2026-06-01 11:42:25 DEBUG [urllib3.connectionpool] https://dummyapi.io:443 "GET /data/v1/user/ffffffffffffffffffffffff HTTP/1.1" 404 30
2026-06-01 11:42:25 DEBUG [urllib3.connectionpool] https://dummyapi.io:443 "GET /data/v1/wrong-path HTTP/1.1" 404 26
2026-06-01 11:42:25 DEBUG [urllib3.connectionpool] https://dummyapi.io:443 "POST /data/v1/user/create HTTP/1.1" 200 260
2026-06-01 11:42:25 INFO [services.api_base] POST https://dummyapi.io/data/v1/user/create -> 200
2026-06-01 11:42:25 DEBUG [services.api_base] Response body: {'id': '6a1d6ff8625f30d437c44bdc', 'firstName': 'Matthew', 'lastName': 'Griffin', 'email': 'autotest97606e91@gmail.com', 'dateOfBirth': '2017-08-14T00:00:00.000Z', 'phone': '365-435-5872', 'registerDate': '2026-06-01T11:41:44.110Z', 'updatedDate': '2026-06-01T11:41:44.110Z'}
2026-06-01 11:42:26 DEBUG [urllib3.connectionpool] https://dummyapi.io:443 "GET /data/v1/user?page=0&limit=50 HTTP/1.1" 200 4772
2026-06-01 11:42:26 INFO [services.api_base] GET https://dummyapi.io/data/v1/user?page=0&limit=50 -> 200
2026-06-01 11:42:26 DEBUG [services.api_base] Response body: {'data': [{'id': '60d0fe4f5311236168a109fd', 'title': 'mr', 'firstName': 'Alex', 'lastName': 'Black', 'picture': 'https://randomuser.me/api/portraits/med/men/66.jpg'}, {'id': '60d0fe4f5311236168a109fe', 'title': 'mr', 'firstName': 'Balex', 'lastName': 'Green', 'picture': 'https://randomuser.me/api/portraits/med/men/9.jpg'}, {'id': '60d0fe4f5311236168a109ff', 'title': 'mrs', 'firstName': 'Valex', 'lastName': 'White', 'picture': 'https://randomuser.me/api/portraits/med/women/3.jpg'}, {'id': '60d0fe4f5311236168a10a00', 'title': 'mrs', 'firstName': 'Els', 'lastName': 'Ijsseldijk', 'picture': 'https://randomuser.me/api/portraits/med/women/75.jpg'}, {'id': '60d0fe4f5311236168a10a01', 'title': 'mr', 'firstName': 'Jesus', 'lastName': 'Riley', 'picture': 'https://randomuser.me/api/portraits/med/men/45.jpg'}, {'id': '60d0fe4f5311236168a10a02', 'title': 'mr', 'firstName': 'Cristobal', 'lastName': 'Soler', 'picture': 'https://randomuser.me/api/portraits/med/men/31.jpg'}, {'id': '60d0fe4f5311236168a10a03', 'title': 'mr', 'firstName': 'Andri', 'lastName': 'Leclerc', 'picture': 'https://randomuser.me/api/portraits/med/men/57.jpg'}, {'id': '60d0fe4f5311236168a10a04', 'title': 'mr', 'firstName': 'Konsta', 'lastName': 'Manninen', 'picture': 'https://randomuser.me/api/portraits/med/men/24.jpg'}, {'id': '60d0fe4f5311236168a10a06', 'title': 'mrs', 'firstName': 'OlaÃ\xad', 'lastName': 'Gomes', 'picture': 'https://randomuser.me/api/portraits/med/women/85.jpg'}, {'id': '60d0fe4f5311236168a10a07', 'title': 'mr', 'firstName': 'Sigmund', 'lastName': 'Myran', 'picture': 'https://randomuser.me/api/portraits/med/men/61.jpg'}, {'id': '60d0fe4f5311236168a10a08', 'title': 'ms', 'firstName': 'Lilja', 'lastName': 'Lampinen', 'picture': 'https://randomuser.me/api/portraits/med/women/50.jpg'}, {'id': '60d0fe4f5311236168a10a09', 'title': 'miss', 'firstName': 'Clea', 'lastName': 'Dubois', 'picture': 'https://randomuser.me/api/portraits/med/women/11.jpg'}, {'id': '60d0fe4f5311236168a10a0a', 'title': 'mr', 'firstName': 'Sandro', 'lastName': 'Guillot', 'picture': 'https://randomuser.me/api/portraits/med/men/8.jpg'}, {'id': '62fd3ce77ec61d83bcb131d6', 'firstName': 'alex', 'lastName': 'qa'}, {'id': '63093d50b3900b14460a5053', 'firstName': 'alex', 'lastName': 'qa'}, {'id': '63094003b309fc1b17f58b8f', 'firstName': 'alex', 'lastName': 'qa'}, {'id': '630940c4d8ad9dc845bc0334', 'firstName': 'alex', 'lastName': 'qa'}, {'id': '630941a7d8ad9d23f8bc033a', 'firstName': 'alex', 'lastName': 'qa'}, {'id': '6361c9e07defe504b7053a20', 'firstName': 'Sem', 'lastName': 'Jackson'}, {'id': '6366c86825af27796f95127d', 'firstName': 'Johanna', 'lastName': 'Glab'}, {'id': '63673242503cab50ea69b482', 'firstName': 'JessikaTest', 'lastName': 'FlatcherTest'}, {'id': '63682bffdb64c38bd15059c9', 'firstName': 'Anita', 'lastName': 'Jonsons'}, {'id': '63682cbf63386b5917f9ae37', 'firstName': 'Robin', 'lastName': 'Good'}, {'id': '6385046429459407ebc43c06', 'firstName': 'Ihor', 'lastName': 'QA'}, {'id': '63903631c6cdaafdbeef9162', 'firstName': 'Inna', 'lastName': 'QA'}, {'id': '639180762da39199551b8480', 'firstName': 'Sahloupdate', 'lastName': 'testingupdatte'}, {'id': '63a8995b8adb4a2ec98a81cf', 'firstName': 'Bruce', 'lastName': 'Almighty'}, {'id': '63a8997e8adb4a0f228a81de', 'firstName': 'Bruce', 'lastName': 'Almighty'}, {'id': '63a89ad78adb4a01868a8232', 'firstName': 'Bruce', 'lastName': 'Almighty'}, {'id': '63a89af18adb4a612e8a8235', 'firstName': 'Bruce', 'lastName': 'Almighty'}, {'id': '63a89c0c8adb4a446c8a82c5', 'firstName': 'Bruce', 'lastName': 'Almighty'}, {'id': '63a89c298adb4a01908a82ed', 'firstName': 'Bruce', 'lastName': 'Almighty'}, {'id': '63a89cd88adb4a02be8a831a', 'firstName': 'Bruce', 'lastName': 'Almighty'}, {'id': '63a89ceb8adb4a68a58a8320', 'firstName': 'Bruce', 'lastName': 'Almighty'}, {'id': '63a89db58adb4a08278a8391', 'firstName': 'Bruce', 'lastName': 'Almighty'}, {'id': '63a89df18adb4a535b8a842f', 'firstName': 'Bruce', 'lastName': 'Almighty'}, {'id': '63a8a2d08adb4a83ca8a86b6', 'firstName': 'Bruce', 'lastName': 'Almighty'}, {'id': '63a952128ded2094118cf4c1', 'firstName': 'Bruce', 'lastName': 'Almighty'}, {'id': '63a967da0127d6399e6a4bdd', 'firstName': 'Bruce', 'lastName': 'Almighty'}, {'id': '63c1a2c72fd3731bcbc08187', 'firstName': 'Andrey', 'lastName': 'Ulianenko'}, {'id': '63db8c96d6ad06188b0be4d2', 'firstName': 'George', 'lastName': 'QA_UI'}, {'id': '63e5398c20dddc4b0a5cf17a', 'firstName': 'Denis', 'lastName': 'Grisha'}, {'id': '63ec5687545dc68e1335a72f', 'firstName': 'Alex', 'lastName': 'Martin'}, {'id': '63ecb351545dc6523935bbc2', 'firstName': 'Alex01', 'lastName': 'Martin0'}, {'id': '63ecb4bc545dc67e0b35bbf3', 'firstName': 'Alex01', 'lastName': 'Martin0'}, {'id': '63ecb4fe545dc6a81335bc10', 'firstName': 'Alex01', 'lastName': 'Martin0'}, {'id': '63ecbd69a5104bd36e08e33b', 'firstName': 'Alex', 'lastName': 'Martin'}, {'id': '63ef7f99f868ccbc6c6802ac', 'firstName': 'Alex', 'lastName': 'QA'}, {'id': '63ef8689c89363324e03a2b7', 'firstName': 'AlexTest1', 'lastName': 'QA_test1'}, {'id': '63ef8b1cc89363bbbe03a73e', 'firstName': 'Alex', 'lastName': 'QA'}], 'total': 15510, 'page': 0, 'limit': 50}
2026-06-01 11:42:26 DEBUG [urllib3.connectionpool] https://dummyapi.io:443 "POST /data/v1/user/create HTTP/1.1" 200 257
2026-06-01 11:42:26 INFO [services.api_base] POST https://dummyapi.io/data/v1/user/create -> 200
2026-06-01 11:42:26 DEBUG [services.api_base] Response body: {'id': '6a1d6ff8625f307180c44be4', 'firstName': 'Paige', 'lastName': 'Harvey', 'email': 'autotest026d8c2b@gmail.com', 'dateOfBirth': '1947-04-08T00:00:00.000Z', 'phone': '370-574-8015', 'registerDate': '2026-06-01T11:41:44.581Z', 'updatedDate': '2026-06-01T11:41:44.581Z'}
2026-06-01 11:42:26 DEBUG [urllib3.connectionpool] https://dummyapi.io:443 "GET /data/v1/user/6a1d6ff8625f307180c44be4 HTTP/1.1" 200 257
2026-06-01 11:42:26 INFO [services.api_base] GET https://dummyapi.io/data/v1/user/6a1d6ff8625f307180c44be4 -> 200
2026-06-01 11:42:26 DEBUG [services.api_base] Response body: {'id': '6a1d6ff8625f307180c44be4', 'firstName': 'Paige', 'lastName': 'Harvey', 'email': 'autotest026d8c2b@gmail.com', 'dateOfBirth': '1947-04-08T00:00:00.000Z', 'phone': '370-574-8015', 'registerDate': '2026-06-01T11:41:44.581Z', 'updatedDate': '2026-06-01T11:41:44.581Z'}
2026-06-01 11:42:26 DEBUG [urllib3.connectionpool] https://dummyapi.io:443 "POST /data/v1/user/create HTTP/1.1" 200 256
2026-06-01 11:42:26 INFO [services.api_base] POST https://dummyapi.io/data/v1/user/create -> 200
2026-06-01 11:42:26 DEBUG [services.api_base] Response body: {'id': '6a1d6ff9625f30343cc44beb', 'firstName': 'Anna', 'lastName': 'Larson', 'email': 'autotestcc79cfca@gmail.com', 'dateOfBirth': '1972-07-27T00:00:00.000Z', 'phone': '580-496-6175', 'registerDate': '2026-06-01T11:41:45.004Z', 'updatedDate': '2026-06-01T11:41:45.004Z'}
2026-06-01 11:42:26 DEBUG [urllib3.connectionpool] https://dummyapi.io:443 "PUT /data/v1/user/6a1d6ff9625f30343cc44beb HTTP/1.1" 200 258
2026-06-01 11:42:26 INFO [services.api_base] PUT https://dummyapi.io/data/v1/user/6a1d6ff9625f30343cc44beb -> 200
2026-06-01 11:42:26 DEBUG [services.api_base] Response body: {'id': '6a1d6ff9625f30343cc44beb', 'firstName': 'Heather', 'lastName': 'White', 'email': 'autotestcc79cfca@gmail.com', 'dateOfBirth': '1972-07-27T00:00:00.000Z', 'phone': '112-486-2810', 'registerDate': '2026-06-01T11:41:45.004Z', 'updatedDate': '2026-06-01T11:41:45.210Z'}
2026-06-01 11:42:27 DEBUG [urllib3.connectionpool] https://dummyapi.io:443 "POST /data/v1/user/create HTTP/1.1" 200 257
2026-06-01 11:42:27 INFO [services.api_base] POST https://dummyapi.io/data/v1/user/create -> 200
2026-06-01 11:42:27 DEBUG [services.api_base] Response body: {'id': '6a1d6ff9625f303578c44bf2', 'firstName': 'Nathan', 'lastName': 'Brown', 'email': 'autotestc3def342@gmail.com', 'dateOfBirth': '1968-01-24T00:00:00.000Z', 'phone': '903-400-8644', 'registerDate': '2026-06-01T11:41:45.429Z', 'updatedDate': '2026-06-01T11:41:45.429Z'}
2026-06-01 11:42:27 DEBUG [urllib3.connectionpool] https://dummyapi.io:443 "DELETE /data/v1/user/6a1d6ff9625f303578c44bf2 HTTP/1.1" 200 33
2026-06-01 11:42:27 INFO [services.api_base] DELETE https://dummyapi.io/data/v1/user/6a1d6ff9625f303578c44bf2 -> 200
2026-06-01 11:42:27 DEBUG [services.api_base] Response body: {'id': '6a1d6ff9625f303578c44bf2'}
2026-06-01 11:42:27 DEBUG [urllib3.connectionpool] https://dummyapi.io:443 "GET /data/v1/user/6a1d6ff9625f303578c44bf2 HTTP/1.1" 404 30
2026-06-01 11:42:27 INFO [services.api_base] GET https://dummyapi.io/data/v1/user/6a1d6ff9625f303578c44bf2 -> 404
2026-06-01 11:42:27 DEBUG [services.api_base] Response body: {'error': 'RESOURCE_NOT_FOUND'}
2026-06-01 11:42:27 DEBUG [urllib3.connectionpool] https://dummyapi.io:443 "POST /data/v1/user/create HTTP/1.1" 200 255
2026-06-01 11:42:27 INFO [services.api_base] POST https://dummyapi.io/data/v1/user/create -> 200
2026-06-01 11:42:27 DEBUG [services.api_base] Response body: {'id': '6a1d6ffa625f303e1cc44bfc', 'firstName': 'Mary', 'lastName': 'Burns', 'email': 'autotesta760500b@gmail.com', 'dateOfBirth': '1989-11-27T00:00:00.000Z', 'phone': '092-002-2464', 'registerDate': '2026-06-01T11:41:46.094Z', 'updatedDate': '2026-06-01T11:41:46.094Z'}
2026-06-01 11:42:28 DEBUG [urllib3.connectionpool] https://dummyapi.io:443 "GET /data/v1/user/6a1d6ffa625f303e1cc44bfc HTTP/1.1" 200 255
2026-06-01 11:42:28 INFO [services.api_base] GET https://dummyapi.io/data/v1/user/6a1d6ffa625f303e1cc44bfc -> 200
2026-06-01 11:42:28 DEBUG [services.api_base] Response body: {'id': '6a1d6ffa625f303e1cc44bfc', 'firstName': 'Mary', 'lastName': 'Burns', 'email': 'autotesta760500b@gmail.com', 'dateOfBirth': '1989-11-27T00:00:00.000Z', 'phone': '092-002-2464', 'registerDate': '2026-06-01T11:41:46.094Z', 'updatedDate': '2026-06-01T11:41:46.094Z'}
2026-06-01 11:42:28 DEBUG [urllib3.connectionpool] https://dummyapi.io:443 "PUT /data/v1/user/6a1d6ffa625f303e1cc44bfc HTTP/1.1" 200 258
2026-06-01 11:42:28 INFO [services.api_base] PUT https://dummyapi.io/data/v1/user/6a1d6ffa625f303e1cc44bfc -> 200
2026-06-01 11:42:28 DEBUG [services.api_base] Response body: {'id': '6a1d6ffa625f303e1cc44bfc', 'firstName': 'Ebony', 'lastName': 'Johnson', 'email': 'autotesta760500b@gmail.com', 'dateOfBirth': '1989-11-27T00:00:00.000Z', 'phone': '732-847-0618', 'registerDate': '2026-06-01T11:41:46.094Z', 'updatedDate': '2026-06-01T11:41:46.568Z'}
2026-06-01 11:42:28 DEBUG [urllib3.connectionpool] https://dummyapi.io:443 "GET /data/v1/user/6a1d6ffa625f303e1cc44bfc HTTP/1.1" 200 258
2026-06-01 11:42:28 INFO [services.api_base] GET https://dummyapi.io/data/v1/user/6a1d6ffa625f303e1cc44bfc -> 200
2026-06-01 11:42:28 DEBUG [services.api_base] Response body: {'id': '6a1d6ffa625f303e1cc44bfc', 'firstName': 'Ebony', 'lastName': 'Johnson', 'email': 'autotesta760500b@gmail.com', 'dateOfBirth': '1989-11-27T00:00:00.000Z', 'phone': '732-847-0618', 'registerDate': '2026-06-01T11:41:46.094Z', 'updatedDate': '2026-06-01T11:41:46.568Z'}
2026-06-01 11:42:28 DEBUG [urllib3.connectionpool] https://dummyapi.io:443 "DELETE /data/v1/user/6a1d6ffa625f303e1cc44bfc HTTP/1.1" 200 33
2026-06-01 11:42:28 INFO [services.api_base] DELETE https://dummyapi.io/data/v1/user/6a1d6ffa625f303e1cc44bfc -> 200
2026-06-01 11:42:28 DEBUG [services.api_base] Response body: {'id': '6a1d6ffa625f303e1cc44bfc'}
2026-06-01 11:42:29 DEBUG [urllib3.connectionpool] https://dummyapi.io:443 "GET /data/v1/user/6a1d6ffa625f303e1cc44bfc HTTP/1.1" 404 30
2026-06-01 11:42:29 INFO [services.api_base] GET https://dummyapi.io/data/v1/user/6a1d6ffa625f303e1cc44bfc -> 404
2026-06-01 11:42:29 DEBUG [services.api_base] Response body: {'error': 'RESOURCE_NOT_FOUND'}
2026-06-01 11:42:29 DEBUG [urllib3.connectionpool] https://dummyapi.io:443 "DELETE /data/v1/comment/6a1d6fd5625f305933c44ab0 HTTP/1.1" 200 33
2026-06-01 11:42:29 INFO [services.api_base] DELETE https://dummyapi.io/data/v1/comment/6a1d6fd5625f305933c44ab0 -> 200
2026-06-01 11:42:29 DEBUG [services.api_base] Response body: {'id': '6a1d6fd5625f305933c44ab0'}
2026-06-01 11:42:29 DEBUG [urllib3.connectionpool] https://dummyapi.io:443 "DELETE /data/v1/comment/6a1d6fd5625f305199c44abf HTTP/1.1" 200 33
2026-06-01 11:42:29 INFO [services.api_base] DELETE https://dummyapi.io/data/v1/comment/6a1d6fd5625f305199c44abf -> 200
2026-06-01 11:42:29 DEBUG [services.api_base] Response body: {'id': '6a1d6fd5625f305199c44abf'}
2026-06-01 11:42:29 DEBUG [urllib3.connectionpool] https://dummyapi.io:443 "DELETE /data/v1/comment/6a1d6fd6625f302f19c44ad4 HTTP/1.1" 200 33
2026-06-01 11:42:29 INFO [services.api_base] DELETE https://dummyapi.io/data/v1/comment/6a1d6fd6625f302f19c44ad4 -> 200
2026-06-01 11:42:29 DEBUG [services.api_base] Response body: {'id': '6a1d6fd6625f302f19c44ad4'}
2026-06-01 11:42:29 DEBUG [urllib3.connectionpool] https://dummyapi.io:443 "DELETE /data/v1/comment/6a1d6fe1625f303cfcc44af7 HTTP/1.1" 404 30
2026-06-01 11:42:29 INFO [services.api_base] DELETE https://dummyapi.io/data/v1/comment/6a1d6fe1625f303cfcc44af7 -> 404
2026-06-01 11:42:29 DEBUG [services.api_base] Response body: {'error': 'RESOURCE_NOT_FOUND'}
2026-06-01 11:42:30 DEBUG [urllib3.connectionpool] https://dummyapi.io:443 "DELETE /data/v1/comment/6a1d6fe2625f30d938c44b13 HTTP/1.1" 404 30
2026-06-01 11:42:30 INFO [services.api_base] DELETE https://dummyapi.io/data/v1/comment/6a1d6fe2625f30d938c44b13 -> 404
2026-06-01 11:42:30 DEBUG [services.api_base] Response body: {'error': 'RESOURCE_NOT_FOUND'}
2026-06-01 11:42:30 DEBUG [urllib3.connectionpool] https://dummyapi.io:443 "DELETE /data/v1/post/6a1d6fd4625f30d829c44aaa HTTP/1.1" 200 33
2026-06-01 11:42:30 INFO [services.api_base] DELETE https://dummyapi.io/data/v1/post/6a1d6fd4625f30d829c44aaa -> 200
2026-06-01 11:42:30 DEBUG [services.api_base] Response body: {'id': '6a1d6fd4625f30d829c44aaa'}
2026-06-01 11:42:30 DEBUG [urllib3.connectionpool] https://dummyapi.io:443 "DELETE /data/v1/post/6a1d6fd5625f3002afc44ab9 HTTP/1.1" 200 33
2026-06-01 11:42:30 INFO [services.api_base] DELETE https://dummyapi.io/data/v1/post/6a1d6fd5625f3002afc44ab9 -> 200
2026-06-01 11:42:30 DEBUG [services.api_base] Response body: {'id': '6a1d6fd5625f3002afc44ab9'}
2026-06-01 11:42:30 DEBUG [urllib3.connectionpool] https://dummyapi.io:443 "DELETE /data/v1/post/6a1d6fd6625f30f76cc44ace HTTP/1.1" 200 33
2026-06-01 11:42:30 INFO [services.api_base] DELETE https://dummyapi.io/data/v1/post/6a1d6fd6625f30f76cc44ace -> 200
2026-06-01 11:42:30 DEBUG [services.api_base] Response body: {'id': '6a1d6fd6625f30f76cc44ace'}
2026-06-01 11:42:31 DEBUG [urllib3.connectionpool] https://dummyapi.io:443 "DELETE /data/v1/post/6a1d6fe1625f309a1ec44af1 HTTP/1.1" 200 33
2026-06-01 11:42:31 INFO [services.api_base] DELETE https://dummyapi.io/data/v1/post/6a1d6fe1625f309a1ec44af1 -> 200
2026-06-01 11:42:31 DEBUG [services.api_base] Response body: {'id': '6a1d6fe1625f309a1ec44af1'}
2026-06-01 11:42:31 DEBUG [urllib3.connectionpool] https://dummyapi.io:443 "DELETE /data/v1/post/6a1d6fe2625f3074f4c44b0d HTTP/1.1" 200 33
2026-06-01 11:42:31 INFO [services.api_base] DELETE https://dummyapi.io/data/v1/post/6a1d6fe2625f3074f4c44b0d -> 200
2026-06-01 11:42:31 DEBUG [services.api_base] Response body: {'id': '6a1d6fe2625f3074f4c44b0d'}
2026-06-01 11:42:31 DEBUG [urllib3.connectionpool] https://dummyapi.io:443 "DELETE /data/v1/post/6a1d6fed625f30a031c44b50 HTTP/1.1" 200 33
2026-06-01 11:42:31 INFO [services.api_base] DELETE https://dummyapi.io/data/v1/post/6a1d6fed625f30a031c44b50 -> 200
2026-06-01 11:42:31 DEBUG [services.api_base] Response body: {'id': '6a1d6fed625f30a031c44b50'}
2026-06-01 11:42:31 DEBUG [urllib3.connectionpool] https://dummyapi.io:443 "DELETE /data/v1/post/6a1d6fed625f30a94dc44b59 HTTP/1.1" 200 33
2026-06-01 11:42:31 INFO [services.api_base] DELETE https://dummyapi.io/data/v1/post/6a1d6fed625f30a94dc44b59 -> 200
2026-06-01 11:42:31 DEBUG [services.api_base] Response body: {'id': '6a1d6fed625f30a94dc44b59'}
2026-06-01 11:42:31 DEBUG [urllib3.connectionpool] https://dummyapi.io:443 "DELETE /data/v1/post/6a1d6ff1625f302e75c44b73 HTTP/1.1" 200 33
2026-06-01 11:42:31 INFO [services.api_base] DELETE https://dummyapi.io/data/v1/post/6a1d6ff1625f302e75c44b73 -> 200
2026-06-01 11:42:31 DEBUG [services.api_base] Response body: {'id': '6a1d6ff1625f302e75c44b73'}
2026-06-01 11:42:32 DEBUG [urllib3.connectionpool] https://dummyapi.io:443 "DELETE /data/v1/post/6a1d6ff2625f309da3c44b83 HTTP/1.1" 200 33
2026-06-01 11:42:32 INFO [services.api_base] DELETE https://dummyapi.io/data/v1/post/6a1d6ff2625f309da3c44b83 -> 200
2026-06-01 11:42:32 DEBUG [services.api_base] Response body: {'id': '6a1d6ff2625f309da3c44b83'}
2026-06-01 11:42:32 DEBUG [urllib3.connectionpool] https://dummyapi.io:443 "DELETE /data/v1/post/6a1d6ff3625f30181fc44b93 HTTP/1.1" 404 30
2026-06-01 11:42:32 DEBUG [urllib3.connectionpool] https://dummyapi.io:443 "DELETE /data/v1/post/6a1d6ff4625f306b27c44ba3 HTTP/1.1" 404 30
2026-06-01 11:42:32 DEBUG [urllib3.connectionpool] https://dummyapi.io:443 "DELETE /data/v1/user/6a1d6fd4625f30de7fc44aa4 HTTP/1.1" 200 33
2026-06-01 11:42:32 INFO [services.api_base] DELETE https://dummyapi.io/data/v1/user/6a1d6fd4625f30de7fc44aa4 -> 200
2026-06-01 11:42:32 DEBUG [services.api_base] Response body: {'id': '6a1d6fd4625f30de7fc44aa4'}
2026-06-01 11:42:33 DEBUG [urllib3.connectionpool] https://dummyapi.io:443 "DELETE /data/v1/user/6a1d6fd5625f3042afc44ab3 HTTP/1.1" 200 33
2026-06-01 11:42:33 INFO [services.api_base] DELETE https://dummyapi.io/data/v1/user/6a1d6fd5625f3042afc44ab3 -> 200
2026-06-01 11:42:33 DEBUG [services.api_base] Response body: {'id': '6a1d6fd5625f3042afc44ab3'}
2026-06-01 11:42:33 DEBUG [urllib3.connectionpool] https://dummyapi.io:443 "DELETE /data/v1/user/6a1d6fd6625f306223c44ac8 HTTP/1.1" 200 33
2026-06-01 11:42:33 INFO [services.api_base] DELETE https://dummyapi.io/data/v1/user/6a1d6fd6625f306223c44ac8 -> 200
2026-06-01 11:42:33 DEBUG [services.api_base] Response body: {'id': '6a1d6fd6625f306223c44ac8'}
2026-06-01 11:42:33 DEBUG [urllib3.connectionpool] https://dummyapi.io:443 "DELETE /data/v1/user/6a1d6fe1625f30f525c44aeb HTTP/1.1" 200 33
2026-06-01 11:42:33 INFO [services.api_base] DELETE https://dummyapi.io/data/v1/user/6a1d6fe1625f30f525c44aeb -> 200
2026-06-01 11:42:33 DEBUG [services.api_base] Response body: {'id': '6a1d6fe1625f30f525c44aeb'}
2026-06-01 11:42:33 DEBUG [urllib3.connectionpool] https://dummyapi.io:443 "DELETE /data/v1/user/6a1d6fe2625f30060dc44b07 HTTP/1.1" 200 33
2026-06-01 11:42:33 INFO [services.api_base] DELETE https://dummyapi.io/data/v1/user/6a1d6fe2625f30060dc44b07 -> 200
2026-06-01 11:42:33 DEBUG [services.api_base] Response body: {'id': '6a1d6fe2625f30060dc44b07'}
2026-06-01 11:42:33 DEBUG [urllib3.connectionpool] https://dummyapi.io:443 "DELETE /data/v1/user/6a1d6fec625f30b89ac44b43 HTTP/1.1" 200 33
2026-06-01 11:42:33 INFO [services.api_base] DELETE https://dummyapi.io/data/v1/user/6a1d6fec625f30b89ac44b43 -> 200
2026-06-01 11:42:33 DEBUG [services.api_base] Response body: {'id': '6a1d6fec625f30b89ac44b43'}
2026-06-01 11:42:34 DEBUG [urllib3.connectionpool] https://dummyapi.io:443 "DELETE /data/v1/user/6a1d6fed625f30393bc44b4a HTTP/1.1" 200 33
2026-06-01 11:42:34 INFO [services.api_base] DELETE https://dummyapi.io/data/v1/user/6a1d6fed625f30393bc44b4a -> 200
2026-06-01 11:42:34 DEBUG [services.api_base] Response body: {'id': '6a1d6fed625f30393bc44b4a'}
2026-06-01 11:42:34 DEBUG [urllib3.connectionpool] https://dummyapi.io:443 "DELETE /data/v1/user/6a1d6fed625f30279bc44b53 HTTP/1.1" 200 33
2026-06-01 11:42:34 INFO [services.api_base] DELETE https://dummyapi.io/data/v1/user/6a1d6fed625f30279bc44b53 -> 200
2026-06-01 11:42:34 DEBUG [services.api_base] Response body: {'id': '6a1d6fed625f30279bc44b53'}
2026-06-01 11:42:34 DEBUG [urllib3.connectionpool] https://dummyapi.io:443 "DELETE /data/v1/user/6a1d6ff1625f300d3cc44b6d HTTP/1.1" 200 33
2026-06-01 11:42:34 INFO [services.api_base] DELETE https://dummyapi.io/data/v1/user/6a1d6ff1625f300d3cc44b6d -> 200
2026-06-01 11:42:34 DEBUG [services.api_base] Response body: {'id': '6a1d6ff1625f300d3cc44b6d'}
2026-06-01 11:42:34 DEBUG [urllib3.connectionpool] https://dummyapi.io:443 "DELETE /data/v1/user/6a1d6ff2625f304adfc44b7d HTTP/1.1" 200 33
2026-06-01 11:42:34 INFO [services.api_base] DELETE https://dummyapi.io/data/v1/user/6a1d6ff2625f304adfc44b7d -> 200
2026-06-01 11:42:34 DEBUG [services.api_base] Response body: {'id': '6a1d6ff2625f304adfc44b7d'}
2026-06-01 11:42:34 DEBUG [urllib3.connectionpool] https://dummyapi.io:443 "DELETE /data/v1/user/6a1d6ff2625f306b3bc44b8d HTTP/1.1" 200 33
2026-06-01 11:42:34 INFO [services.api_base] DELETE https://dummyapi.io/data/v1/user/6a1d6ff2625f306b3bc44b8d -> 200
2026-06-01 11:42:34 DEBUG [services.api_base] Response body: {'id': '6a1d6ff2625f306b3bc44b8d'}
2026-06-01 11:42:35 DEBUG [urllib3.connectionpool] https://dummyapi.io:443 "DELETE /data/v1/user/6a1d6ff3625f30938ac44b9d HTTP/1.1" 200 33
2026-06-01 11:42:35 INFO [services.api_base] DELETE https://dummyapi.io/data/v1/user/6a1d6ff3625f30938ac44b9d -> 200
2026-06-01 11:42:35 DEBUG [services.api_base] Response body: {'id': '6a1d6ff3625f30938ac44b9d'}
2026-06-01 11:42:35 DEBUG [urllib3.connectionpool] https://dummyapi.io:443 "DELETE /data/v1/user/6a1d6ff8625f30d437c44bdc HTTP/1.1" 200 33
2026-06-01 11:42:35 INFO [services.api_base] DELETE https://dummyapi.io/data/v1/user/6a1d6ff8625f30d437c44bdc -> 200
2026-06-01 11:42:35 DEBUG [services.api_base] Response body: {'id': '6a1d6ff8625f30d437c44bdc'}
2026-06-01 11:42:35 DEBUG [urllib3.connectionpool] https://dummyapi.io:443 "DELETE /data/v1/user/6a1d6ff8625f307180c44be4 HTTP/1.1" 200 33
2026-06-01 11:42:35 INFO [services.api_base] DELETE https://dummyapi.io/data/v1/user/6a1d6ff8625f307180c44be4 -> 200
2026-06-01 11:42:35 DEBUG [services.api_base] Response body: {'id': '6a1d6ff8625f307180c44be4'}
2026-06-01 11:42:35 DEBUG [urllib3.connectionpool] https://dummyapi.io:443 "DELETE /data/v1/user/6a1d6ff9625f30343cc44beb HTTP/1.1" 200 33
2026-06-01 11:42:35 INFO [services.api_base] DELETE https://dummyapi.io/data/v1/user/6a1d6ff9625f30343cc44beb -> 200
2026-06-01 11:42:35 DEBUG [services.api_base] Response body: {'id': '6a1d6ff9625f30343cc44beb'}
2026-06-01 11:42:36 DEBUG [urllib3.connectionpool] https://dummyapi.io:443 "DELETE /data/v1/user/6a1d6ff9625f303578c44bf2 HTTP/1.1" 404 30
2026-06-01 11:42:36 DEBUG [urllib3.connectionpool] https://dummyapi.io:443 "DELETE /data/v1/user/6a1d6ffa625f303e1cc44bfc HTTP/1.1" 404 30
